 SFML

 Timestamp is 64f62677 (Mon Sep  4 21:48:23 2023)

 Preferred load address is 0000000140000000

 Start         Length     Name                   Class
 0001:00000000 00010000H .textbss                DATA
 0002:00000000 0000f580H .text$mn                CODE
 0002:0000f580 00001040H .text$mn$00             CODE
 0002:000105c0 000018d7H .text$x                 CODE
 0003:00000000 00000110H .CRT$XCA                DATA
 0003:00000110 00000110H .CRT$XCAA               DATA
 0003:00000220 00000110H .CRT$XCZ                DATA
 0003:00000330 00000110H .CRT$XIA                DATA
 0003:00000440 00000110H .CRT$XIAA               DATA
 0003:00000550 00000110H .CRT$XIAC               DATA
 0003:00000660 00000110H .CRT$XIZ                DATA
 0003:00000770 00000110H .CRT$XPA                DATA
 0003:00000880 00000110H .CRT$XPZ                DATA
 0003:00000990 00000110H .CRT$XTA                DATA
 0003:00000aa0 00000110H .CRT$XTZ                DATA
 0003:00000bb0 000024d0H .rdata                  DATA
 0003:00003080 00000200H .rdata$CastGuardVftablesA DATA
 0003:00003280 000001a0H .rdata$CastGuardVftablesC DATA
 0003:00003420 00000348H .rdata$r                DATA
 0003:00003768 00000178H .rdata$zzzdbg           DATA
 0003:000038e0 00000110H .rtc$IAA                DATA
 0003:000039f0 00000130H .rtc$IMZ                DATA
 0003:00003b20 00000110H .rtc$IZZ                DATA
 0003:00003c30 00000110H .rtc$TAA                DATA
 0003:00003d40 00000130H .rtc$TMZ                DATA
 0003:00003e70 00000110H .rtc$TZZ                DATA
 0003:00003f80 00001c98H .xdata                  DATA
 0003:00005c18 00000209H .xdata$x                DATA
 0003:00005e21 00000000H .edata                  DATA
 0004:00000000 00000180H .data                   DATA
 0004:00000180 00000198H .data$r                 DATA
 0004:00000318 00000128H .data$rs                DATA
 0004:00000440 00000798H .bss                    DATA
 0005:00000000 00002d00H .pdata                  DATA
 0006:00000000 00000770H .idata$5                DATA
 0006:00000770 000000a0H .idata$2                DATA
 0006:00000810 00000018H .idata$3                DATA
 0006:00000828 00000770H .idata$4                DATA
 0006:00000f98 0000102bH .idata$6                DATA
 0007:00000000 000003c2H .msvcjmc                DATA
 0008:00000000 00000175H .00cfg                  DATA
 0009:00000000 00000170H .rsrc$01                DATA
 0009:00000170 000002ccH .rsrc$02                DATA

  Address         Publics by Value              Rva+Base               Lib:Object

 0000:00000000       __AbsoluteZero             0000000000000000     <absolute>
 0000:00000000       ___safe_se_handler_count   0000000000000000     <absolute>
 0000:00000000       ___safe_se_handler_table   0000000000000000     <absolute>
 0000:00000000       __arm64x_extra_rfe_table   0000000000000000     <absolute>
 0000:00000000       __arm64x_extra_rfe_table_size 0000000000000000     <absolute>
 0000:00000000       __arm64x_native_entrypoint 0000000000000000     <absolute>
 0000:00000000       __arm64x_redirection_metadata 0000000000000000     <absolute>
 0000:00000000       __arm64x_redirection_metadata_count 0000000000000000     <absolute>
 0000:00000000       __dynamic_value_reloc_table 0000000000000000     <absolute>
 0000:00000000       __enclave_config           0000000000000000     <absolute>
 0000:00000000       __guard_check_icall_a64n_fptr 0000000000000000     <absolute>
 0000:00000000       __guard_eh_cont_count      0000000000000000     <absolute>
 0000:00000000       __guard_eh_cont_table      0000000000000000     <absolute>
 0000:00000000       __guard_fids_count         0000000000000000     <absolute>
 0000:00000000       __guard_fids_table         0000000000000000     <absolute>
 0000:00000000       __guard_iat_count          0000000000000000     <absolute>
 0000:00000000       __guard_iat_table          0000000000000000     <absolute>
 0000:00000000       __guard_longjmp_count      0000000000000000     <absolute>
 0000:00000000       __guard_longjmp_table      0000000000000000     <absolute>
 0000:00000000       __hybrid_auxiliary_delayload_iat 0000000000000000     <absolute>
 0000:00000000       __hybrid_auxiliary_delayload_iat_copy 0000000000000000     <absolute>
 0000:00000000       __hybrid_auxiliary_iat     0000000000000000     <absolute>
 0000:00000000       __hybrid_auxiliary_iat_copy 0000000000000000     <absolute>
 0000:00000000       __hybrid_code_map          0000000000000000     <absolute>
 0000:00000000       __hybrid_code_map_count    0000000000000000     <absolute>
 0000:00000000       __volatile_metadata        0000000000000000     <absolute>
 0000:00000000       __x64_code_ranges_to_entry_points 0000000000000000     <absolute>
 0000:00000000       __x64_code_ranges_to_entry_points_count 0000000000000000     <absolute>
 0000:00000100       __guard_flags              0000000000000100     <absolute>
 0000:00000000       __ImageBase                0000000140000000     <linker-defined>
 0001:00000000       __enc$textbss$begin        0000000140001000     <linker-defined>
 0001:00010000       __enc$textbss$end          0000000140011000     <linker-defined>
 0002:00001160       ??$_Getvals@_W@?$time_get@DV?$istreambuf_iterator@DU?$char_traits@D@std@@@std@@@std@@IEAAX_WAEBV_Locinfo@1@@Z 0000000140012160 f i GameController.obj
 0002:000012c4       ??1Text@sf@@UEAA@XZ        00000001400122c4 f   sfml-graphics-d:sfml-graphics-d-2.dll
 0002:000012ca       ??0Text@sf@@QEAA@AEBVString@1@AEBVFont@1@I@Z 00000001400122ca f   sfml-graphics-d:sfml-graphics-d-2.dll
 0002:000012d0       ?loadFromFile@Font@sf@@QEAA_NAEBV?$basic_string@DU?$char_traits@D@std@@V?$allocator@D@2@@std@@@Z 00000001400122d0 f   sfml-graphics-d:sfml-graphics-d-2.dll
 0002:000012d6       ??1Font@sf@@QEAA@XZ        00000001400122d6 f   sfml-graphics-d:sfml-graphics-d-2.dll
 0002:000012dc       ??0Font@sf@@QEAA@XZ        00000001400122dc f   sfml-graphics-d:sfml-graphics-d-2.dll
 0002:00001320       ??$_Getvals@_W@?$time_get@_WV?$istreambuf_iterator@_WU?$char_traits@_W@std@@@std@@@std@@IEAAX_WAEBV_Locinfo@1@@Z 0000000140012320 f i GameController.obj
 0002:000014e0       ??$_Maklocstr@D@std@@YAPEADPEBDPEADAEBU_Cvtvec@@@Z 00000001400124e0 f i GameController.obj
 0002:000015e0       ??$_Maklocstr@_W@std@@YAPEA_WPEBDPEA_WAEBU_Cvtvec@@@Z 00000001400125e0 f i GameController.obj
 0002:000018c0       ??1GameController@@QEAA@XZ 00000001400128c0 f   GameController.obj
 0002:00001900       ?AddAnimation@GameController@@QEAAXPEAVTexture@sf@@V?$Vector2@I@3@M@Z 0000000140012900 f   GameController.obj
 0002:00001a20       ?AnimtaionStop@GameController@@QEAAXXZ 0000000140012a20 f   GameController.obj
 0002:00001a70       ?Update@GameController@@QEAAXHM_N@Z 0000000140012a70 f   GameController.obj
 0002:00001c90       ?UpdateTexture@GameController@@QEAA_NPEAVTexture@sf@@V?$Vector2@I@3@@Z 0000000140012c90 f   GameController.obj
 0002:00001d80       ?_Maklocwcs@std@@YAPEA_WPEB_W@Z 0000000140012d80 f i GameController.obj
 0002:00001e40       ?__empty_global_delete@@YAXPEAX@Z 0000000140012e40 f i GameController.obj
 0002:00001e80       ?__empty_global_delete@@YAXPEAX_K@Z 0000000140012e80 f i GameController.obj
 0002:00001ec0       __JustMyCode_Default       0000000140012ec0 f i GameController.obj
 0002:00001ed0       wmemcpy                    0000000140012ed0 f i GameController.obj
 0002:00001f40       ??$?0$$V@?$_Compressed_pair@V?$allocator@D@std@@V?$_String_val@U?$_Simple_types@D@std@@@2@$00@std@@QEAA@U_Zero_then_variadic_args_t@1@@Z 0000000140012f40 f i main.obj
 0002:00001fb0       ??$?0$$V@?$_Compressed_pair@V?$allocator@PEAVTexture@sf@@@std@@V?$_Vector_val@U?$_Simple_types@PEAVTexture@sf@@@std@@@2@$00@std@@QEAA@U_Zero_then_variadic_args_t@1@@Z 0000000140012fb0 f i main.obj
 0002:00002020       ??$?0D@?$allocator@U_Container_proxy@std@@@std@@QEAA@AEBV?$allocator@D@1@@Z 0000000140013020 f i main.obj
 0002:00002070       ??$?0PEAVTexture@sf@@@?$allocator@U_Container_proxy@std@@@std@@QEAA@AEBV?$allocator@PEAVTexture@sf@@@1@@Z 0000000140013070 f i main.obj
 0002:000020c0       ??$?0V?$allocator@PEAVTexture@sf@@@std@@$$V@?$_Compressed_pair@V?$allocator@PEAVTexture@sf@@@std@@V?$_Vector_val@U?$_Simple_types@PEAVTexture@sf@@@std@@@2@$00@std@@QEAA@U_One_then_variadic_args_t@1@$$QEAV?$allocator@PEAVTexture@sf@@@1@@Z 00000001400130c0 f i main.obj
 0002:00002120       ??$_Alloc_proxy@V?$allocator@U_Container_proxy@std@@@std@@@_Container_base12@std@@QEAAX$$QEAV?$allocator@U_Container_proxy@std@@@1@@Z 0000000140013120 f i main.obj
 0002:000021d0       ??$_Allocate@$0BA@U_Default_allocate_traits@std@@$0A@@std@@YAPEAX_K@Z 00000001400131d0 f i main.obj
 0002:00002250       ??$_Allocate_manually_vector_aligned@U_Default_allocate_traits@std@@@std@@YAPEAX_K@Z 0000000140013250 f i main.obj
 0002:000023b0       ??$_Construct@$00PEBD@?$basic_string@DU?$char_traits@D@std@@V?$allocator@D@2@@std@@AEAAXQEBD_K@Z 00000001400133b0 f i main.obj
 0002:000026c0       ??$_Construct_in_place@PEADAEBQEAD@std@@YAXAEAPEADAEBQEAD@Z 00000001400136c0 f i main.obj
 0002:00002750       ??$_Construct_in_place@PEAVTexture@sf@@PEAV12@@std@@YAXAEAPEAVTexture@sf@@$$QEAPEAV12@@Z 0000000140013750 f i main.obj
 0002:000027e0       ??$_Construct_in_place@U_Container_proxy@std@@PEAU_Container_base12@2@@std@@YAXAEAU_Container_proxy@0@$$QEAPEAU_Container_base12@0@@Z 00000001400137e0 f i main.obj
 0002:00002870       ??$_Construct_n@AEBQEAPEAVTexture@sf@@AEBQEAPEAV12@@?$vector@PEAVTexture@sf@@V?$allocator@PEAVTexture@sf@@@std@@@std@@AEAAX_KAEBQEAPEAVTexture@sf@@1@Z 0000000140013870 f i main.obj
 0002:00002a20       ??$_Convert_size@_K_K@std@@YA_K_K@Z 0000000140013a20 f i main.obj
 0002:00002a60       ??$_Copy_memmove@PEAPEAVTexture@sf@@PEAPEAV12@@std@@YAPEAPEAVTexture@sf@@PEAPEAV12@00@Z 0000000140013a60 f i main.obj
 0002:00002b60       ??$_Deallocate@$0BA@$0A@@std@@YAXPEAX_K@Z 0000000140013b60 f i main.obj
 0002:00002be0       ??$_Deallocate_plain@V?$allocator@U_Container_proxy@std@@@std@@@std@@YAXAEAV?$allocator@U_Container_proxy@std@@@0@QEAU_Container_proxy@0@@Z 0000000140013be0 f i main.obj
 0002:00002c40       ??$_Delete_plain_internal@V?$allocator@U_Container_proxy@std@@@std@@@std@@YAXAEAV?$allocator@U_Container_proxy@std@@@0@QEAU_Container_proxy@0@@Z 0000000140013c40 f i main.obj
 0002:00002ca0       ??$_Destroy_in_place@PEAD@std@@YAXAEAPEAD@Z 0000000140013ca0 f i main.obj
 0002:00002ce0       ??$_Destroy_range@V?$allocator@PEAVTexture@sf@@@std@@@std@@YAXPEAPEAVTexture@sf@@QEAPEAV12@AEAV?$allocator@PEAVTexture@sf@@@0@@Z 0000000140013ce0 f i main.obj
 0002:00002d20       ??$_Emplace_back@AEAPEAVTexture@sf@@@?$_Uninitialized_backout_al@V?$allocator@PEAVTexture@sf@@@std@@@std@@QEAAXAEAPEAVTexture@sf@@@Z 0000000140013d20 f i main.obj
 0002:00002db0       ??$_Emplace_back@PEAVTexture@sf@@@?$_Uninitialized_backout_al@V?$allocator@PEAVTexture@sf@@@std@@@std@@QEAAX$$QEAPEAVTexture@sf@@@Z 0000000140013db0 f i main.obj
 0002:00002e40       ??$_Emplace_back_with_unused_capacity@PEAVTexture@sf@@@?$vector@PEAVTexture@sf@@V?$allocator@PEAVTexture@sf@@@std@@@std@@AEAAAEAPEAVTexture@sf@@$$QEAPEAV23@@Z 0000000140013e40 f i main.obj
 0002:00002f00       ??$_Emplace_one_at_back@PEAVTexture@sf@@@?$vector@PEAVTexture@sf@@V?$allocator@PEAVTexture@sf@@@std@@@std@@AEAAAEAPEAVTexture@sf@@$$QEAPEAV23@@Z 0000000140013f00 f i main.obj
 0002:00002fb0       ??$_Emplace_reallocate@PEAVTexture@sf@@@?$vector@PEAVTexture@sf@@V?$allocator@PEAVTexture@sf@@@std@@@std@@AEAAPEAPEAVTexture@sf@@QEAPEAV23@$$QEAPEAV23@@Z 0000000140013fb0 f i main.obj
 0002:00003270       ??$_Get_size_of_n@$00@std@@YA_K_K@Z 0000000140014270 f i main.obj
 0002:000032c0       ??$_Get_size_of_n@$07@std@@YA_K_K@Z 00000001400142c0 f i main.obj
 0002:00003340       ??$_Get_size_of_n@$0BA@@std@@YA_K_K@Z 0000000140014340 f i main.obj
 0002:000033c0       ??$_Get_unwrapped@AEBQEAPEAVTexture@sf@@@std@@YA?A_TAEBQEAPEAVTexture@sf@@@Z 00000001400143c0 f i main.obj
 0002:00003400       ??$_Get_unwrapped@PEAPEAVTexture@sf@@@std@@YA?A_T$$QEAPEAPEAVTexture@sf@@@Z 0000000140014400 f i main.obj
 0002:00003440       ??$_To_address@PEAPEAVTexture@sf@@@std@@YA?A_PAEBQEAPEAVTexture@sf@@@Z 0000000140014440 f i main.obj
 0002:00003480       ??$_Unfancy@D@std@@YAPEADPEAD@Z 0000000140014480 f i main.obj
 0002:000034c0       ??$_Unfancy@PEAVTexture@sf@@@std@@YAPEAPEAVTexture@sf@@PEAPEAV12@@Z 00000001400144c0 f i main.obj
 0002:00003500       ??$_Unfancy@U_Container_proxy@std@@@std@@YAPEAU_Container_proxy@0@PEAU10@@Z 0000000140014500 f i main.obj
 0002:00003540       ??$_Uninitialized_copy@PEAPEAVTexture@sf@@PEAPEAV12@V?$allocator@PEAVTexture@sf@@@std@@@std@@YAPEAPEAVTexture@sf@@PEAPEAV12@00AEAV?$allocator@PEAVTexture@sf@@@0@@Z 0000000140014540 f i main.obj
 0002:00003730       ??$_Uninitialized_move@PEAPEAVTexture@sf@@V?$allocator@PEAVTexture@sf@@@std@@@std@@YAPEAPEAVTexture@sf@@QEAPEAV12@0PEAPEAV12@AEAV?$allocator@PEAVTexture@sf@@@0@@Z 0000000140014730 f i main.obj
 0002:000038e0       ??$_Voidify_iter@PEAPEAD@std@@YAPEAXPEAPEAD@Z 00000001400148e0 f i main.obj
 0002:00003920       ??$_Voidify_iter@PEAPEAVTexture@sf@@@std@@YAPEAXPEAPEAVTexture@sf@@@Z 0000000140014920 f i main.obj
 0002:00003960       ??$_Voidify_iter@PEAU_Container_proxy@std@@@std@@YAPEAXPEAU_Container_proxy@0@@Z 0000000140014960 f i main.obj
 0002:000039a0       ??$addressof@PEAD@std@@YAPEAPEADAEAPEAD@Z 00000001400149a0 f i main.obj
 0002:000039e0       ??$addressof@PEAVTexture@sf@@@std@@YAPEAPEAVTexture@sf@@AEAPEAV12@@Z 00000001400149e0 f i main.obj
 0002:00003a20       ??$addressof@U_Container_base12@std@@@std@@YAPEAU_Container_base12@0@AEAU10@@Z 0000000140014a20 f i main.obj
 0002:00003a60       ??$addressof@U_Container_proxy@std@@@std@@YAPEAU_Container_proxy@0@AEAU10@@Z 0000000140014a60 f i main.obj
 0002:00003aa0       ??$construct@PEAVTexture@sf@@AEAPEAV12@@?$_Default_allocator_traits@V?$allocator@PEAVTexture@sf@@@std@@@std@@SAXAEAV?$allocator@PEAVTexture@sf@@@1@QEAPEAVTexture@sf@@AEAPEAV34@@Z 0000000140014aa0 f i main.obj
 0002:00003b20       ??$construct@PEAVTexture@sf@@PEAV12@@?$_Default_allocator_traits@V?$allocator@PEAVTexture@sf@@@std@@@std@@SAXAEAV?$allocator@PEAVTexture@sf@@@1@QEAPEAVTexture@sf@@$$QEAPEAV34@@Z 0000000140014b20 f i main.obj
 0002:00003ba0       ??$exchange@PEAU_Container_proxy@std@@$$T@std@@YAPEAU_Container_proxy@0@AEAPEAU10@$$QEA$$T@Z 0000000140014ba0 f i main.obj
 0002:00003c10       ??$exchange@PEAU_Iterator_base12@std@@$$T@std@@YAPEAU_Iterator_base12@0@AEAPEAU10@$$QEA$$T@Z 0000000140014c10 f i main.obj
 0002:00003c80       ??$max@_K@std@@YAAEB_KAEB_K0@Z 0000000140014c80 f i main.obj
 0002:00003d20       ??$min@_K@std@@YAAEB_KAEB_K0@Z 0000000140014d20 f i main.obj
 0002:00003dc0       ??0?$Rect@H@sf@@QEAA@XZ    0000000140014dc0 f i main.obj
 0002:00003e40       ??0?$Vector2@I@sf@@QEAA@II@Z 0000000140014e40 f i main.obj
 0002:00003eb0       ??0?$Vector2@I@sf@@QEAA@XZ 0000000140014eb0 f i main.obj
 0002:00003f10       ??0?$Vector2@M@sf@@QEAA@MM@Z 0000000140014f10 f i main.obj
 0002:00003f90       ??0?$_Container_proxy_ptr12@V?$allocator@U_Container_proxy@std@@@std@@@std@@QEAA@AEAV?$allocator@U_Container_proxy@std@@@1@AEAU_Container_base12@1@@Z 0000000140014f90 f i main.obj
 0002:00004080       ??0?$_String_val@U?$_Simple_types@D@std@@@std@@QEAA@XZ 0000000140015080 f i main.obj
 0002:00004110       ??0?$_Uninitialized_backout_al@V?$allocator@PEAVTexture@sf@@@std@@@std@@QEAA@PEAPEAVTexture@sf@@AEAV?$allocator@PEAVTexture@sf@@@1@@Z 0000000140015110 f i main.obj
 0002:000041a0       ??0?$_Vector_val@U?$_Simple_types@PEAVTexture@sf@@@std@@@std@@QEAA@XZ 00000001400151a0 f i main.obj
 0002:00004230       ??0?$allocator@D@std@@QEAA@XZ 0000000140015230 f i main.obj
 0002:00004270       ??0?$allocator@PEAVTexture@sf@@@std@@QEAA@XZ 0000000140015270 f i main.obj
 0002:000042b0       ??0?$basic_string@DU?$char_traits@D@std@@V?$allocator@D@2@@std@@QEAA@QEBD@Z 00000001400152b0 f i main.obj
 0002:00004350       ??0?$vector@PEAVTexture@sf@@V?$allocator@PEAVTexture@sf@@@std@@@std@@QEAA@AEBV01@@Z 0000000140015350 f i main.obj
 0002:00004430       ??0?$vector@PEAVTexture@sf@@V?$allocator@PEAVTexture@sf@@@std@@@std@@QEAA@XZ 0000000140015430 f i main.obj
 0002:000044c0       ??0ContextSettings@sf@@QEAA@IIIIII_N@Z 00000001400154c0 f i main.obj
 0002:000045a0       ??0GameController@@QEAA@XZ 00000001400155a0 f i main.obj
 0002:00004640       ??0_Basic_container_proxy_ptr12@std@@IEAA@XZ 0000000140015640 f i main.obj
 0002:00004690       ??0_Bxty@?$_String_val@U?$_Simple_types@D@std@@@std@@QEAA@XZ 0000000140015690 f i main.obj
 0002:000046f0       ??0_Container_base12@std@@QEAA@XZ 00000001400156f0 f i main.obj
 0002:00004740       ??0_Container_proxy@std@@QEAA@PEAU_Container_base12@1@@Z 0000000140015740 f i main.obj
 0002:000047b0       ??0bad_alloc@std@@AEAA@QEBD@Z 00000001400157b0 f i main.obj
 0002:00004830       ??0bad_alloc@std@@QEAA@AEBV01@@Z 0000000140015830 f i main.obj
 0002:00004890       ??0bad_array_new_length@std@@QEAA@AEBV01@@Z 0000000140015890 f i main.obj
 0002:000048f0       ??0bad_array_new_length@std@@QEAA@XZ 00000001400158f0 f i main.obj
 0002:00004960       ??0exception@std@@QEAA@AEBV01@@Z 0000000140015960 f i main.obj
 0002:00004a00       ??0exception@std@@QEAA@QEBDH@Z 0000000140015a00 f i main.obj
 0002:00004aa0       ??0locale@std@@QEAA@XZ     0000000140015aa0 f i main.obj
 0002:00004b00       ??1?$_Compressed_pair@V?$allocator@D@std@@V?$_String_val@U?$_Simple_types@D@std@@@2@$00@std@@QEAA@XZ 0000000140015b00 f i main.obj
 0002:00004b40       ??1?$_Container_proxy_ptr12@V?$allocator@U_Container_proxy@std@@@std@@@std@@QEAA@XZ 0000000140015b40 f i main.obj
 0002:00004bb0       ??1?$_String_val@U?$_Simple_types@D@std@@@std@@QEAA@XZ 0000000140015bb0 f i main.obj
 0002:00004bf0       ??1?$_Tidy_guard@V?$vector@PEAVTexture@sf@@V?$allocator@PEAVTexture@sf@@@std@@@std@@@std@@QEAA@XZ 0000000140015bf0 f i main.obj
 0002:00004c50       ??1?$_Uninitialized_backout_al@V?$allocator@PEAVTexture@sf@@@std@@@std@@QEAA@XZ 0000000140015c50 f i main.obj
 0002:00004cc0       ??1?$basic_string@DU?$char_traits@D@std@@V?$allocator@D@2@@std@@QEAA@XZ 0000000140015cc0 f i main.obj
 0002:00004dd0       ??1?$vector@PEAVTexture@sf@@V?$allocator@PEAVTexture@sf@@@std@@@std@@QEAA@XZ 0000000140015dd0 f i main.obj
 0002:00004ed0       ??1_Bxty@?$_String_val@U?$_Simple_types@D@std@@@std@@QEAA@XZ 0000000140015ed0 f i main.obj
 0002:00004f10       ??1bad_alloc@std@@UEAA@XZ  0000000140015f10 f i main.obj
 0002:00004f50       ??1bad_array_new_length@std@@UEAA@XZ 0000000140015f50 f i main.obj
 0002:00004f90       ??1exception@std@@UEAA@XZ  0000000140015f90 f i main.obj
 0002:00004ff0       ??1locale@std@@QEAA@XZ     0000000140015ff0 f i main.obj
 0002:000050b0       ??2@YAPEAX_KPEAX@Z         00000001400160b0 f i main.obj
 0002:00005100       ??_Ebad_alloc@std@@UEAAPEAXI@Z 0000000140016100 f i main.obj
 0002:00005100       ??_Gbad_alloc@std@@UEAAPEAXI@Z 0000000140016100 f i main.obj
 0002:00005170       ??_Ebad_array_new_length@std@@UEAAPEAXI@Z 0000000140016170 f i main.obj
 0002:00005170       ??_Gbad_array_new_length@std@@UEAAPEAXI@Z 0000000140016170 f i main.obj
 0002:000051e0       ??_Eexception@std@@UEAAPEAXI@Z 00000001400161e0 f i main.obj
 0002:000051e0       ??_Gexception@std@@UEAAPEAXI@Z 00000001400161e0 f i main.obj
 0002:00005250       ?ResizeWindow@@YAXAEBVRenderWindow@sf@@AEAVView@2@@Z 0000000140016250 f   main.obj
 0002:00005370       ?_Activate_SSO_buffer@?$_String_val@U?$_Simple_types@D@std@@@std@@QEAAXXZ 0000000140016370 f i main.obj
 0002:000053b0       ?_Adjust_manually_vector_aligned@std@@YAXAEAPEAXAEA_K@Z 00000001400163b0 f i main.obj
 0002:000055f0       ?_Allocate@_Default_allocate_traits@std@@SAPEAX_K@Z 00000001400165f0 f i main.obj
 0002:00005640       ?_Buy_nonzero@?$vector@PEAVTexture@sf@@V?$allocator@PEAVTexture@sf@@@std@@@std@@AEAAX_K@Z 0000000140016640 f i main.obj
 0002:000056c0       ?_Buy_raw@?$vector@PEAVTexture@sf@@V?$allocator@PEAVTexture@sf@@@std@@@std@@AEAAX_K@Z 00000001400166c0 f i main.obj
 0002:000057b0       ?_Calculate_growth@?$basic_string@DU?$char_traits@D@std@@V?$allocator@D@2@@std@@AEBA_K_K@Z 00000001400167b0 f i main.obj
 0002:00005820       ?_Calculate_growth@?$basic_string@DU?$char_traits@D@std@@V?$allocator@D@2@@std@@CA_K_K00@Z 0000000140016820 f i main.obj
 0002:00005980       ?_Calculate_growth@?$vector@PEAVTexture@sf@@V?$allocator@PEAVTexture@sf@@@std@@@std@@AEBA_K_K@Z 0000000140016980 f i main.obj
 0002:00005a60       ?_Change_array@?$vector@PEAVTexture@sf@@V?$allocator@PEAVTexture@sf@@@std@@@std@@AEAAXQEAPEAVTexture@sf@@_K1@Z 0000000140016a60 f i main.obj
 0002:00005bc0       ?_Get_first@?$_Compressed_pair@V?$allocator@D@std@@V?$_String_val@U?$_Simple_types@D@std@@@2@$00@std@@QEAAAEAV?$allocator@D@2@XZ 0000000140016bc0 f i main.obj
 0002:00005c00       ?_Get_first@?$_Compressed_pair@V?$allocator@D@std@@V?$_String_val@U?$_Simple_types@D@std@@@2@$00@std@@QEBAAEBV?$allocator@D@2@XZ 0000000140016c00 f i main.obj
 0002:00005c40       ?_Get_first@?$_Compressed_pair@V?$allocator@PEAVTexture@sf@@@std@@V?$_Vector_val@U?$_Simple_types@PEAVTexture@sf@@@std@@@2@$00@std@@QEAAAEAV?$allocator@PEAVTexture@sf@@@2@XZ 0000000140016c40 f i main.obj
 0002:00005c80       ?_Get_first@?$_Compressed_pair@V?$allocator@PEAVTexture@sf@@@std@@V?$_Vector_val@U?$_Simple_types@PEAVTexture@sf@@@std@@@2@$00@std@@QEBAAEBV?$allocator@PEAVTexture@sf@@@2@XZ 0000000140016c80 f i main.obj
 0002:00005cc0       ?_Getal@?$basic_string@DU?$char_traits@D@std@@V?$allocator@D@2@@std@@AEAAAEAV?$allocator@D@2@XZ 0000000140016cc0 f i main.obj
 0002:00005d10       ?_Getal@?$basic_string@DU?$char_traits@D@std@@V?$allocator@D@2@@std@@AEBAAEBV?$allocator@D@2@XZ 0000000140016d10 f i main.obj
 0002:00005d60       ?_Getal@?$vector@PEAVTexture@sf@@V?$allocator@PEAVTexture@sf@@@std@@@std@@AEAAAEAV?$allocator@PEAVTexture@sf@@@2@XZ 0000000140016d60 f i main.obj
 0002:00005db0       ?_Getal@?$vector@PEAVTexture@sf@@V?$allocator@PEAVTexture@sf@@@std@@@std@@AEBAAEBV?$allocator@PEAVTexture@sf@@@2@XZ 0000000140016db0 f i main.obj
 0002:00005e00       ?_Large_string_engaged@?$_String_val@U?$_Simple_types@D@std@@@std@@QEBA_NXZ 0000000140016e00 f i main.obj
 0002:00005e70       ?_Orphan_all@_Container_base12@std@@QEAAXXZ 0000000140016e70 f i main.obj
 0002:00005ec0       ?_Orphan_all_locked_v3@_Container_base12@std@@AEAAXXZ 0000000140016ec0 f i main.obj
 0002:00005f80       ?_Orphan_all_unlocked_v3@_Container_base12@std@@AEAAXXZ 0000000140016f80 f i main.obj
 0002:00006030       ?_Orphan_range@?$vector@PEAVTexture@sf@@V?$allocator@PEAVTexture@sf@@@std@@@std@@AEBAXPEAPEAVTexture@sf@@0@Z 0000000140017030 f i main.obj
 0002:00006090       ?_Orphan_range_locked@?$vector@PEAVTexture@sf@@V?$allocator@PEAVTexture@sf@@@std@@@std@@AEBAXPEAPEAVTexture@sf@@0@Z 0000000140017090 f i main.obj
 0002:00006170       ?_Orphan_range_unlocked@?$vector@PEAVTexture@sf@@V?$allocator@PEAVTexture@sf@@@std@@@std@@AEBAXPEAPEAVTexture@sf@@0@Z 0000000140017170 f i main.obj
 0002:00006250       ?_Release@?$_Uninitialized_backout_al@V?$allocator@PEAVTexture@sf@@@std@@@std@@QEAAPEAPEAVTexture@sf@@XZ 0000000140017250 f i main.obj
 0002:000062b0       ?_Release@_Basic_container_proxy_ptr12@std@@QEAAXXZ 00000001400172b0 f i main.obj
 0002:00006300       ?_Start_element_lifetimes@?$basic_string@DU?$char_traits@D@std@@V?$allocator@D@2@@std@@CAXQEAD_K@Z 0000000140017300 f i main.obj
 0002:00006340       ?_Throw_bad_array_new_length@std@@YAXXZ 0000000140017340 f i main.obj
 0002:000063a0       ?_Tidy@?$vector@PEAVTexture@sf@@V?$allocator@PEAVTexture@sf@@@std@@@std@@AEAAXXZ 00000001400173a0 f i main.obj
 0002:000064c0       ?_Tidy_deallocate@?$basic_string@DU?$char_traits@D@std@@V?$allocator@D@2@@std@@AEAAXXZ 00000001400174c0 f i main.obj
 0002:000065e0       ?_Xlen_string@std@@YAXXZ   00000001400175e0 f i main.obj
 0002:00006620       ?_Xlength@?$vector@PEAVTexture@sf@@V?$allocator@PEAVTexture@sf@@@std@@@std@@CAXXZ 0000000140017620 f i main.obj
 0002:00006660       ?__autoclassinit2@?$_Uninitialized_backout_al@V?$allocator@PEAVTexture@sf@@@std@@@std@@QEAAX_K@Z 0000000140017660 f i main.obj
 0002:000066a0       ?__autoclassinit2@?$vector@PEAVTexture@sf@@V?$allocator@PEAVTexture@sf@@@std@@@std@@QEAAX_K@Z 00000001400176a0 f i main.obj
 0002:000066e0       ?__autoclassinit2@Player@@QEAAX_K@Z 00000001400176e0 f i main.obj
 0002:00006720       ?allocate@?$allocator@D@std@@QEAAPEAD_K@Z 0000000140017720 f i main.obj
 0002:00006780       ?allocate@?$allocator@PEAVTexture@sf@@@std@@QEAAPEAPEAVTexture@sf@@_K@Z 0000000140017780 f i main.obj
 0002:000067e0       ?allocate@?$allocator@U_Container_proxy@std@@@std@@QEAAPEAU_Container_proxy@2@_K@Z 00000001400177e0 f i main.obj
 0002:00006840       ?assign@?$_Narrow_char_traits@DH@std@@SAXAEADAEBD@Z 0000000140017840 f i main.obj
 0002:000068a0       ?capacity@?$vector@PEAVTexture@sf@@V?$allocator@PEAVTexture@sf@@@std@@@std@@QEBA_KXZ 00000001400178a0 f i main.obj
 0002:00006900       ?copy@?$_Char_traits@DH@std@@SAPEADQEADQEBD_K@Z 0000000140017900 f i main.obj
 0002:00006970       ?deallocate@?$_Default_allocator_traits@V?$allocator@U_Container_proxy@std@@@std@@@std@@SAXAEAV?$allocator@U_Container_proxy@std@@@2@QEAU_Container_proxy@2@_K@Z 0000000140017970 f i main.obj
 0002:000069d0       ?deallocate@?$allocator@D@std@@QEAAXQEAD_K@Z 00000001400179d0 f i main.obj
 0002:00006ae0       ?deallocate@?$allocator@PEAVTexture@sf@@@std@@QEAAXQEAPEAVTexture@sf@@_K@Z 0000000140017ae0 f i main.obj
 0002:00006bf0       ?length@?$_Narrow_char_traits@DH@std@@SA_KQEBD@Z 0000000140017bf0 f i main.obj
 0002:00006c40       ?max@?$numeric_limits@_J@std@@SA_JXZ 0000000140017c40 f i main.obj
 0002:00006c80       ?max_size@?$_Default_allocator_traits@V?$allocator@D@std@@@std@@SA_KAEBV?$allocator@D@2@@Z 0000000140017c80 f i main.obj
 0002:00006cc0       ?max_size@?$_Default_allocator_traits@V?$allocator@PEAVTexture@sf@@@std@@@std@@SA_KAEBV?$allocator@PEAVTexture@sf@@@2@@Z 0000000140017cc0 f i main.obj
 0002:00006d00       ?max_size@?$basic_string@DU?$char_traits@D@std@@V?$allocator@D@2@@std@@QEBA_KXZ 0000000140017d00 f i main.obj
 0002:00006e20       ?max_size@?$vector@PEAVTexture@sf@@V?$allocator@PEAVTexture@sf@@@std@@@std@@QEBA_KXZ 0000000140017e20 f i main.obj
 0002:00006ea0       ?push_back@?$vector@PEAVTexture@sf@@V?$allocator@PEAVTexture@sf@@@std@@@std@@QEAAX$$QEAPEAVTexture@sf@@@Z 0000000140017ea0 f i main.obj
 0002:00006f00       ?select_on_container_copy_construction@?$_Default_allocator_traits@V?$allocator@PEAVTexture@sf@@@std@@@std@@SA?AV?$allocator@PEAVTexture@sf@@@2@AEBV32@@Z 0000000140017f00 f i main.obj
 0002:00006f50       ?what@exception@std@@UEBAPEBDXZ 0000000140017f50 f i main.obj
 0002:00006fb0       main                       0000000140017fb0 f   main.obj
 0002:000078b0       ??$_Assign_counted_range@PEAPEAVTexture@sf@@@?$vector@PEAVTexture@sf@@V?$allocator@PEAVTexture@sf@@@std@@@std@@AEAAXPEAPEAVTexture@sf@@_K@Z 00000001400188b0 f i Player.obj
 0002:00007ba0       ??$_Copy_memmove_n@PEAPEAVTexture@sf@@PEAPEAV12@@std@@YAPEAPEAVTexture@sf@@PEAPEAV12@_K0@Z 0000000140018ba0 f i Player.obj
 0002:00007c20       ??$_Copy_n_unchecked4@PEAPEAVTexture@sf@@_KPEAPEAV12@@std@@YAPEAPEAVTexture@sf@@PEAPEAV12@_K0@Z 0000000140018c20 f i Player.obj
 0002:00007d00       ??$_Pocca@V?$allocator@PEAVTexture@sf@@@std@@@std@@YAXAEAV?$allocator@PEAVTexture@sf@@@0@AEBV10@@Z 0000000140018d00 f i Player.obj
 0002:00007d40       ??$_Reallocate_for@V<lambda_1>@?1??assign@?$basic_string@DU?$char_traits@D@std@@V?$allocator@D@2@@std@@QEAAAEAV34@QEBD_K@Z@PEBD@?$basic_string@DU?$char_traits@D@std@@V?$allocator@D@2@@std@@AEAAAEAV01@_KV<lambda_1>@?1??assign@01@QEAAAEAV01@QEBD0@Z@PEBD@Z 0000000140018d40 f i Player.obj
 0002:00007f80       ??$_Uninitialized_copy_n@PEAPEAVTexture@sf@@V?$allocator@PEAVTexture@sf@@@std@@@std@@YAPEAPEAVTexture@sf@@PEAPEAV12@_K0AEAV?$allocator@PEAVTexture@sf@@@0@@Z 0000000140018f80 f i Player.obj
 0002:00008130       ??$addressof@$$CBV?$vector@PEAVTexture@sf@@V?$allocator@PEAVTexture@sf@@@std@@@std@@@std@@YAPEBV?$vector@PEAVTexture@sf@@V?$allocator@PEAVTexture@sf@@@std@@@0@AEBV10@@Z 0000000140019130 f i Player.obj
 0002:00008170       ??0?$Rect@H@sf@@QEAA@HHHH@Z 0000000140019170 f i Player.obj
 0002:00008210       ??0?$basic_string@DU?$char_traits@D@std@@V?$allocator@D@2@@std@@QEAA@XZ 0000000140019210 f i Player.obj
 0002:000082b0       ??0Player@@QEAA@PEAVTexture@sf@@V?$Vector2@I@2@MMV?$vector@PEAVTexture@sf@@V?$allocator@PEAVTexture@sf@@@std@@@std@@@Z 00000001400192b0 f   Player.obj
 0002:00008650       ??1Player@@QEAA@XZ         0000000140019650 f   Player.obj
 0002:00008710       ??4?$basic_string@DU?$char_traits@D@std@@V?$allocator@D@2@@std@@QEAAAEAV01@QEBD@Z 0000000140019710 f i Player.obj
 0002:00008770       ??4?$vector@PEAVTexture@sf@@V?$allocator@PEAVTexture@sf@@@std@@@std@@QEAAAEAV01@AEBV01@@Z 0000000140019770 f i Player.obj
 0002:00008860       ??A?$vector@PEAVTexture@sf@@V?$allocator@PEAVTexture@sf@@@std@@@std@@QEAAAEAPEAVTexture@sf@@_K@Z 0000000140019860 f i Player.obj
 0002:00008980       ??R<lambda_1>@?1??assign@?$basic_string@DU?$char_traits@D@std@@V?$allocator@D@2@@std@@QEAAAEAV23@QEBD_K@Z@QEBA@QEAD10@Z 0000000140019980 f i Player.obj
 0002:00008a20       ?Draw@Player@@QEAAXAEAVRenderWindow@sf@@@Z 0000000140019a20 f   Player.obj
 0002:00008a90       ?Update@Player@@QEAAXM@Z   0000000140019a90 f   Player.obj
 0002:00009380       ?_Clear_and_reserve_geometric@?$vector@PEAVTexture@sf@@V?$allocator@PEAVTexture@sf@@@std@@@std@@AEAAX_K@Z 000000014001a380 f i Player.obj
 0002:000094f0       ?_Myptr@?$_String_val@U?$_Simple_types@D@std@@@std@@QEAAPEADXZ 000000014001a4f0 f i Player.obj
 0002:00009570       ?_Tidy_init@?$basic_string@DU?$char_traits@D@std@@V?$allocator@D@2@@std@@AEAAXXZ 000000014001a570 f i Player.obj
 0002:00009610       ?assign@?$basic_string@DU?$char_traits@D@std@@V?$allocator@D@2@@std@@QEAAAEAV12@QEBD@Z 000000014001a610 f i Player.obj
 0002:00009680       ?assign@?$basic_string@DU?$char_traits@D@std@@V?$allocator@D@2@@std@@QEAAAEAV12@QEBD_K@Z 000000014001a680 f i Player.obj
 0002:000097b0       ?move@?$_Char_traits@DH@std@@SAPEADQEADQEBD_K@Z 000000014001a7b0 f i Player.obj
 0002:00009819       ?getSize@Texture@sf@@QEBA?AV?$Vector2@I@2@XZ 000000014001a819 f   sfml-graphics-d:sfml-graphics-d-2.dll
 0002:0000981f       ??0Texture@sf@@QEAA@XZ     000000014001a81f f   sfml-graphics-d:sfml-graphics-d-2.dll
 0002:00009825       ??1Texture@sf@@QEAA@XZ     000000014001a825 f   sfml-graphics-d:sfml-graphics-d-2.dll
 0002:0000982b       ?loadFromFile@Texture@sf@@QEAA_NAEBV?$basic_string@DU?$char_traits@D@std@@V?$allocator@D@2@@std@@AEBV?$Rect@H@2@@Z 000000014001a82b f   sfml-graphics-d:sfml-graphics-d-2.dll
 0002:00009831       ??0View@sf@@QEAA@AEBV?$Vector2@M@1@0@Z 000000014001a831 f   sfml-graphics-d:sfml-graphics-d-2.dll
 0002:00009837       ?setSize@View@sf@@QEAAXMM@Z 000000014001a837 f   sfml-graphics-d:sfml-graphics-d-2.dll
 0002:0000983d       ?clear@RenderTarget@sf@@QEAAXAEBVColor@2@@Z 000000014001a83d f   sfml-graphics-d:sfml-graphics-d-2.dll
 0002:00009843       ?setView@RenderTarget@sf@@QEAAXAEBVView@2@@Z 000000014001a843 f   sfml-graphics-d:sfml-graphics-d-2.dll
 0002:00009849       ??0RenderWindow@sf@@QEAA@VVideoMode@1@AEBVString@1@IAEBUContextSettings@1@@Z 000000014001a849 f   sfml-graphics-d:sfml-graphics-d-2.dll
 0002:0000984f       ??1RenderWindow@sf@@UEAA@XZ 000000014001a84f f   sfml-graphics-d:sfml-graphics-d-2.dll
 0002:00009855       ?setPosition@Transformable@sf@@QEAAXMM@Z 000000014001a855 f   sfml-graphics-d:sfml-graphics-d-2.dll
 0002:0000985b       ?setOrigin@Transformable@sf@@QEAAXMM@Z 000000014001a85b f   sfml-graphics-d:sfml-graphics-d-2.dll
 0002:00009861       ?move@Transformable@sf@@QEAAXAEBV?$Vector2@M@2@@Z 000000014001a861 f   sfml-graphics-d:sfml-graphics-d-2.dll
 0002:00009867       ??0RectangleShape@sf@@QEAA@AEBV?$Vector2@M@1@@Z 000000014001a867 f   sfml-graphics-d:sfml-graphics-d-2.dll
 0002:0000986d       ??1RectangleShape@sf@@UEAA@XZ 000000014001a86d f   sfml-graphics-d:sfml-graphics-d-2.dll
 0002:00009873       ?draw@RenderTarget@sf@@QEAAXAEBVDrawable@2@AEBVRenderStates@2@@Z 000000014001a873 f   sfml-graphics-d:sfml-graphics-d-2.dll
 0002:00009879       ??0Sprite@sf@@QEAA@XZ      000000014001a879 f   sfml-graphics-d:sfml-graphics-d-2.dll
 0002:0000987f       ?setTexture@Sprite@sf@@QEAAXAEBVTexture@2@_N@Z 000000014001a87f f   sfml-graphics-d:sfml-graphics-d-2.dll
 0002:00009885       ?setTextureRect@Sprite@sf@@QEAAXAEBV?$Rect@H@2@@Z 000000014001a885 f   sfml-graphics-d:sfml-graphics-d-2.dll
 0002:0000988b       ?getLocalBounds@Sprite@sf@@QEBA?AV?$Rect@M@2@XZ 000000014001a88b f   sfml-graphics-d:sfml-graphics-d-2.dll
 0002:00009891       ??1Sprite@sf@@UEAA@XZ      000000014001a891 f   sfml-graphics-d:sfml-graphics-d-2.dll
 0002:00009897       ??0VideoMode@sf@@QEAA@III@Z 000000014001a897 f   sfml-window-d:sfml-window-d-2.dll
 0002:0000989d       ?isOpen@WindowBase@sf@@QEBA_NXZ 000000014001a89d f   sfml-window-d:sfml-window-d-2.dll
 0002:000098a3       ?pollEvent@WindowBase@sf@@QEAA_NAEAVEvent@2@@Z 000000014001a8a3 f   sfml-window-d:sfml-window-d-2.dll
 0002:000098a9       ?close@Window@sf@@UEAAXXZ  000000014001a8a9 f   sfml-window-d:sfml-window-d-2.dll
 0002:000098af       ?display@Window@sf@@QEAAXXZ 000000014001a8af f   sfml-window-d:sfml-window-d-2.dll
 0002:000098b5       ?isKeyPressed@Keyboard@sf@@SA_NW4Key@12@@Z 000000014001a8b5 f   sfml-window-d:sfml-window-d-2.dll
 0002:000098bb       ?asSeconds@Time@sf@@QEBAMXZ 000000014001a8bb f   sfml-system-d:sfml-system-d-2.dll
 0002:000098c1       ??0Clock@sf@@QEAA@XZ       000000014001a8c1 f   sfml-system-d:sfml-system-d-2.dll
 0002:000098c7       ?restart@Clock@sf@@QEAA?AVTime@2@XZ 000000014001a8c7 f   sfml-system-d:sfml-system-d-2.dll
 0002:000098cd       ??0String@sf@@QEAA@PEBDAEBVlocale@std@@@Z 000000014001a8cd f   sfml-system-d:sfml-system-d-2.dll
 0002:000098d3       ??1String@sf@@QEAA@XZ      000000014001a8d3 f   sfml-system-d:sfml-system-d-2.dll
 0002:000098d9       ?_Xbad_alloc@std@@YAXXZ    000000014001a8d9 f   msvcprtd:MSVCP140D.dll
 0002:000098df       _Mbrtowc                   000000014001a8df f   msvcprtd:MSVCP140D.dll
 0002:000098e5       ?_Getcvt@_Locinfo@std@@QEBA?AU_Cvtvec@@XZ 000000014001a8e5 f   msvcprtd:MSVCP140D.dll
 0002:000098eb       ?_Getdays@_Locinfo@std@@QEBAPEBDXZ 000000014001a8eb f   msvcprtd:MSVCP140D.dll
 0002:000098f1       ?_Getmonths@_Locinfo@std@@QEBAPEBDXZ 000000014001a8f1 f   msvcprtd:MSVCP140D.dll
 0002:000098f7       ?_W_Getdays@_Locinfo@std@@QEBAPEBGXZ 000000014001a8f7 f   msvcprtd:MSVCP140D.dll
 0002:000098fd       ?_W_Getmonths@_Locinfo@std@@QEBAPEBGXZ 000000014001a8fd f   msvcprtd:MSVCP140D.dll
 0002:00009903       ??0_Lockit@std@@QEAA@H@Z   000000014001a903 f   msvcprtd:MSVCP140D.dll
 0002:00009909       ??1_Lockit@std@@QEAA@XZ    000000014001a909 f   msvcprtd:MSVCP140D.dll
 0002:0000990f       ?_Xlength_error@std@@YAXPEBD@Z 000000014001a90f f   msvcprtd:MSVCP140D.dll
 0002:00009915       ?_Init@locale@std@@CAPEAV_Locimp@12@_N@Z 000000014001a915 f   msvcprtd:MSVCP140D.dll
 0002:00009c70       ?configure_argv@__scrt_narrow_argv_policy@@SAHXZ 000000014001ac70 f i MSVCRTD:exe_main.obj
 0002:00009c90       ?initialize_environment@__scrt_narrow_environment_policy@@SAHXZ 000000014001ac90 f i MSVCRTD:exe_main.obj
 0002:00009d00       ?set_app_type@__scrt_main_policy@@SAXXZ 000000014001ad00 f i MSVCRTD:exe_main.obj
 0002:00009d20       ?set_commode@__scrt_file_policy@@SAXXZ 000000014001ad20 f i MSVCRTD:exe_main.obj
 0002:00009d50       ?set_fmode@__scrt_file_policy@@SAXXZ 000000014001ad50 f i MSVCRTD:exe_main.obj
 0002:00009d70       mainCRTStartup             000000014001ad70 f   MSVCRTD:exe_main.obj
 0002:00009d90       _RTC_AllocaHelper          000000014001ad90 f   MSVCRTD:stack.obj
 0002:00009de0       _RTC_CheckStackVars        000000014001ade0 f   MSVCRTD:stack.obj
 0002:00009e90       _RTC_CheckStackVars2       000000014001ae90 f   MSVCRTD:stack.obj
 0002:00009fe0       _CRT_RTC_INIT              000000014001afe0 f   MSVCRTD:init.obj
 0002:00009ff0       _CRT_RTC_INITW             000000014001aff0 f   MSVCRTD:init.obj
 0002:0000a000       _RTC_InitBase              000000014001b000 f   MSVCRTD:init.obj
 0002:0000a050       _RTC_Shutdown              000000014001b050 f   MSVCRTD:init.obj
 0002:0000a080       __CheckForDebuggerJustMyCode 000000014001b080 f   MSVCRTD:debugger_jmc.obj
 0002:0000a0d0       __GSHandlerCheck           000000014001b0d0 f   MSVCRTD:gshandler.obj
 0002:0000a120       __GSHandlerCheckCommon     000000014001b120 f   MSVCRTD:gshandler.obj
 0002:0000a270       __security_check_cookie    000000014001b270 f   MSVCRTD:amdsecgs.obj
 0002:0000a2a0       ??2@YAPEAX_K@Z             000000014001b2a0 f   MSVCRTD:new_scalar.obj
 0002:0000a310       ??3@YAXPEAX_K@Z            000000014001b310 f   MSVCRTD:delete_scalar_size.obj
 0002:0000a340       __GSHandlerCheck_EH4       000000014001b340 f   MSVCRTD:gshandlereh4.obj
 0002:0000a420       __chkstk                   000000014001b420 f   MSVCRTD:chkstk.obj
 0002:0000a420       _alloca_probe              000000014001b420 f   MSVCRTD:chkstk.obj
 0002:0000a490       ??1type_info@@UEAA@XZ      000000014001b490 f   MSVCRTD:std_type_info_static.obj
 0002:0000a4b0       ??_Etype_info@@UEAAPEAXI@Z 000000014001b4b0 f i MSVCRTD:std_type_info_static.obj
 0002:0000a4b0       ??_Gtype_info@@UEAAPEAXI@Z 000000014001b4b0 f i MSVCRTD:std_type_info_static.obj
 0002:0000a6b0       NtCurrentTeb               000000014001b6b0 f i MSVCRTD:utility.obj
 0002:0000a6c0       __scrt_acquire_startup_lock 000000014001b6c0 f   MSVCRTD:utility.obj
 0002:0000a740       __scrt_dllmain_after_initialize_c 000000014001b740 f   MSVCRTD:utility.obj
 0002:0000a780       __scrt_dllmain_before_initialize_c 000000014001b780 f   MSVCRTD:utility.obj
 0002:0000a7b0       __scrt_dllmain_crt_thread_attach 000000014001b7b0 f   MSVCRTD:utility.obj
 0002:0000a7f0       __scrt_dllmain_crt_thread_detach 000000014001b7f0 f   MSVCRTD:utility.obj
 0002:0000a810       __scrt_dllmain_exception_filter 000000014001b810 f   MSVCRTD:utility.obj
 0002:0000a890       __scrt_dllmain_uninitialize_c 000000014001b890 f   MSVCRTD:utility.obj
 0002:0000a8d0       __scrt_dllmain_uninitialize_critical 000000014001b8d0 f   MSVCRTD:utility.obj
 0002:0000a8f0       __scrt_initialize_crt      000000014001b8f0 f   MSVCRTD:utility.obj
 0002:0000a950       __scrt_initialize_onexit_tables 000000014001b950 f   MSVCRTD:utility.obj
 0002:0000aaa0       __scrt_is_nonwritable_in_current_image 000000014001baa0 f   MSVCRTD:utility.obj
 0002:0000ab50       __scrt_release_startup_lock 000000014001bb50 f   MSVCRTD:utility.obj
 0002:0000ab90       __scrt_uninitialize_crt    000000014001bb90 f   MSVCRTD:utility.obj
 0002:0000abe0       _onexit                    000000014001bbe0 f   MSVCRTD:utility.obj
 0002:0000ac80       at_quick_exit              000000014001bc80 f   MSVCRTD:utility.obj
 0002:0000ace0       atexit                     000000014001bce0 f   MSVCRTD:utility.obj
 0002:0000ae10       __security_init_cookie     000000014001be10 f   MSVCRTD:gs_support.obj
 0002:0000aeb0       _matherr                   000000014001beb0 f   MSVCRTD:matherr.obj
 0002:0000aec0       _get_startup_argv_mode     000000014001bec0 f   MSVCRTD:argv_mode.obj
 0002:0000aed0       _get_startup_commit_mode   000000014001bed0 f   MSVCRTD:commit_mode.obj
 0002:0000aee0       _get_startup_file_mode     000000014001bee0 f   MSVCRTD:file_mode.obj
 0002:0000aef0       _get_startup_new_mode      000000014001bef0 f   MSVCRTD:new_mode.obj
 0002:0000af00       _get_startup_thread_locale_mode 000000014001bf00 f   MSVCRTD:thread_locale.obj
 0002:0000af10       ?__scrt_initialize_type_info@@YAXXZ 000000014001bf10 f   MSVCRTD:tncleanup.obj
 0002:0000af30       ?__scrt_uninitialize_type_info@@YAXXZ 000000014001bf30 f   MSVCRTD:tncleanup.obj
 0002:0000af50       _should_initialize_environment 000000014001bf50 f   MSVCRTD:env_mode.obj
 0002:0000af60       _initialize_invalid_parameter_handler 000000014001bf60 f   MSVCRTD:invalid_parameter_handler.obj
 0002:0000af70       _initialize_denormal_control 000000014001bf70 f   MSVCRTD:denormal_control.obj
 0002:0000af80       __local_stdio_printf_options 000000014001bf80 f i MSVCRTD:default_local_stdio_options.obj
 0002:0000af90       __local_stdio_scanf_options 000000014001bf90 f i MSVCRTD:default_local_stdio_options.obj
 0002:0000afa0       __scrt_initialize_default_local_stdio_options 000000014001bfa0 f   MSVCRTD:default_local_stdio_options.obj
 0002:0000b000       __scrt_is_user_matherr_present 000000014001c000 f   MSVCRTD:matherr_detection.obj
 0002:0000b030       __scrt_get_dyn_tls_init_callback 000000014001c030 f   MSVCRTD:dyn_tls_init.obj
 0002:0000b040       __scrt_get_dyn_tls_dtor_callback 000000014001c040 f   MSVCRTD:dyn_tls_dtor.obj
 0002:0000b050       __crt_debugger_hook        000000014001c050 f   MSVCRTD:utility_desktop.obj
 0002:0000b070       __scrt_fastfail            000000014001c070 f   MSVCRTD:utility_desktop.obj
 0002:0000b270       __scrt_get_show_window_mode 000000014001c270 f   MSVCRTD:utility_desktop.obj
 0002:0000b2e0       __scrt_initialize_mta      000000014001c2e0 f   MSVCRTD:utility_desktop.obj
 0002:0000b300       __scrt_initialize_winrt    000000014001c300 f   MSVCRTD:utility_desktop.obj
 0002:0000b310       __scrt_is_managed_app      000000014001c310 f   MSVCRTD:utility_desktop.obj
 0002:0000b3e0       __scrt_set_unhandled_exception_filter 000000014001c3e0 f   MSVCRTD:utility_desktop.obj
 0002:0000b400       __scrt_exe_initialize_mta  000000014001c400 f   MSVCRTD:utility_desktop.obj
 0002:0000b400       __scrt_stub_for_initialize_mta 000000014001c400 f   MSVCRTD:utility_desktop.obj
 0002:0000b410       __scrt_unhandled_exception_filter 000000014001c410 f   MSVCRTD:utility_desktop.obj
 0002:0000b4d0       _RTC_Initialize            000000014001c4d0 f   MSVCRTD:initsect.obj
 0002:0000b530       _RTC_Terminate             000000014001c530 f   MSVCRTD:initsect.obj
 0002:0000b590       _guard_check_icall_nop     000000014001c590 f i MSVCRTD:guard_support.obj
 0002:0000b5a0       ReadNoFence64              000000014001c5a0 f i MSVCRTD:guard_support.obj
 0002:0000b5d0       ReadPointerNoFence         000000014001c5d0 f i MSVCRTD:guard_support.obj
 0002:0000b5f0       __castguard_check_failure_debugbreak 000000014001c5f0 f i MSVCRTD:guard_support.obj
 0002:0000b620       __castguard_check_failure_fastfail 000000014001c620 f i MSVCRTD:guard_support.obj
 0002:0000b650       __castguard_check_failure_nop 000000014001c650 f i MSVCRTD:guard_support.obj
 0002:0000b660       __castguard_check_failure_os_handled 000000014001c660 f i MSVCRTD:guard_support.obj
 0002:0000b6d0       __castguard_check_failure_user_handled 000000014001c6d0 f i MSVCRTD:guard_support.obj
 0002:0000b7e0       __castguard_set_user_handler 000000014001c7e0 f i MSVCRTD:guard_support.obj
 0002:0000b810       __castguard_slow_path_check_debugbreak 000000014001c810 f i MSVCRTD:guard_support.obj
 0002:0000b860       __castguard_slow_path_check_fastfail 000000014001c860 f i MSVCRTD:guard_support.obj
 0002:0000b8c0       __castguard_slow_path_check_nop 000000014001c8c0 f i MSVCRTD:guard_support.obj
 0002:0000b8e0       __castguard_slow_path_check_os_handled 000000014001c8e0 f i MSVCRTD:guard_support.obj
 0002:0000b940       __castguard_slow_path_check_user_handled 000000014001c940 f i MSVCRTD:guard_support.obj
 0002:0000ba30       _guard_icall_checks_enforced 000000014001ca30 f i MSVCRTD:guard_support.obj
 0002:0000ba80       _guard_rf_checks_enforced  000000014001ca80 f i MSVCRTD:guard_support.obj
 0002:0000bb40       ?_RTC_AllocaFailure@@YAXPEAXPEAU_RTC_ALLOCA_NODE@@H@Z 000000014001cb40 f   MSVCRTD:error.obj
 0002:0000bcf0       ?_RTC_Failure@@YAXPEAXH@Z  000000014001ccf0 f   MSVCRTD:error.obj
 0002:0000bd60       ?_RTC_StackFailure@@YAXPEAXPEBD@Z 000000014001cd60 f   MSVCRTD:error.obj
 0002:0000c2a0       _RTC_UninitUse             000000014001d2a0 f   MSVCRTD:error.obj
 0002:0000c3a0       _vsprintf_s_l              000000014001d3a0 f i MSVCRTD:error.obj
 0002:0000c420       sprintf_s                  000000014001d420 f i MSVCRTD:error.obj
 0002:0000c450       ?_RTC_GetErrorFunc@@YAP6AHHPEBDH00ZZPEBX@Z 000000014001d450 f   MSVCRTD:userapi.obj
 0002:0000c460       ?_RTC_GetErrorFuncW@@YAP6AHHPEB_WH00ZZPEBX@Z 000000014001d460 f   MSVCRTD:userapi.obj
 0002:0000c470       _RTC_GetErrDesc            000000014001d470 f   MSVCRTD:userapi.obj
 0002:0000c490       _RTC_NumErrors             000000014001d490 f   MSVCRTD:userapi.obj
 0002:0000c4a0       _RTC_SetErrorFunc          000000014001d4a0 f   MSVCRTD:userapi.obj
 0002:0000c4c0       _RTC_SetErrorFuncW         000000014001d4c0 f   MSVCRTD:userapi.obj
 0002:0000c4e0       _RTC_SetErrorType          000000014001d4e0 f   MSVCRTD:userapi.obj
 0002:0000c510       __raise_securityfailure    000000014001d510 f   MSVCRTD:gs_report.obj
 0002:0000c560       __report_gsfailure         000000014001d560 f   MSVCRTD:gs_report.obj
 0002:0000c670       __report_rangecheckfailure 000000014001d670 f   MSVCRTD:gs_report.obj
 0002:0000c690       __report_securityfailure   000000014001d690 f   MSVCRTD:gs_report.obj
 0002:0000c760       __report_securityfailureEx 000000014001d760 f   MSVCRTD:gs_report.obj
 0002:0000ca60       ??0bad_alloc@std@@QEAA@XZ  000000014001da60 f i MSVCRTD:throw_bad_alloc.obj
 0002:0000cab0       ?__scrt_throw_std_bad_alloc@@YAXXZ 000000014001dab0 f   MSVCRTD:throw_bad_alloc.obj
 0002:0000cae0       ?__scrt_throw_std_bad_array_new_length@@YAXXZ 000000014001dae0 f   MSVCRTD:throw_bad_alloc.obj
 0002:0000cb10       ??3@YAXPEAX@Z              000000014001db10 f   MSVCRTD:delete_scalar.obj
 0002:0000cb40       __isa_available_init       000000014001db40 f   MSVCRTD:cpu_disp.obj
 0002:0000cfd0       __scrt_is_ucrt_dll_in_use  000000014001dfd0 f   MSVCRTD:ucrt_detection.obj
 0002:0000d670       ?_RTC_GetSrcLine@@YAHPEAEPEA_WKPEAH1K@Z 000000014001e670 f   MSVCRTD:pdblkup.obj
 0002:0000db27       memcpy                     000000014001eb27 f   vcruntimed:VCRUNTIME140D.dll
 0002:0000db2d       memmove                    000000014001eb2d f   vcruntimed:VCRUNTIME140D.dll
 0002:0000db33       __std_exception_copy       000000014001eb33 f   vcruntimed:VCRUNTIME140D.dll
 0002:0000db39       __std_exception_destroy    000000014001eb39 f   vcruntimed:VCRUNTIME140D.dll
 0002:0000db3f       _CxxThrowException         000000014001eb3f f   vcruntimed:VCRUNTIME140D.dll
 0002:0000db45       __CxxFrameHandler4         000000014001eb45 f   vcruntimed:VCRUNTIME140_1D.dll
 0002:0000db4b       __C_specific_handler       000000014001eb4b f   vcruntimed:VCRUNTIME140D.dll
 0002:0000db51       __std_type_info_destroy_list 000000014001eb51 f   vcruntimed:VCRUNTIME140D.dll
 0002:0000db57       __current_exception        000000014001eb57 f   vcruntimed:VCRUNTIME140D.dll
 0002:0000db5d       __current_exception_context 000000014001eb5d f   vcruntimed:VCRUNTIME140D.dll
 0002:0000db63       __C_specific_handler_noexcept 000000014001eb63 f   vcruntimed:VCRUNTIME140D.dll
 0002:0000db69       __vcrt_GetModuleFileNameW  000000014001eb69 f   vcruntimed:VCRUNTIME140D.dll
 0002:0000db6f       __vcrt_GetModuleHandleW    000000014001eb6f f   vcruntimed:VCRUNTIME140D.dll
 0002:0000db75       __vcrt_LoadLibraryExW      000000014001eb75 f   vcruntimed:VCRUNTIME140D.dll
 0002:0000db7b       _calloc_dbg                000000014001eb7b f   ucrtd:ucrtbased.dll
 0002:0000db81       abs                        000000014001eb81 f   ucrtd:ucrtbased.dll
 0002:0000db87       wcslen                     000000014001eb87 f   ucrtd:ucrtbased.dll
 0002:0000db8d       strlen                     000000014001eb8d f   ucrtd:ucrtbased.dll
 0002:0000db93       _invalid_parameter         000000014001eb93 f   ucrtd:ucrtbased.dll
 0002:0000db99       _CrtDbgReport              000000014001eb99 f   ucrtd:ucrtbased.dll
 0002:0000db9f       _seh_filter_exe            000000014001eb9f f   ucrtd:ucrtbased.dll
 0002:0000dba5       _set_app_type              000000014001eba5 f   ucrtd:ucrtbased.dll
 0002:0000dbab       __setusermatherr           000000014001ebab f   ucrtd:ucrtbased.dll
 0002:0000dbb1       _configure_narrow_argv     000000014001ebb1 f   ucrtd:ucrtbased.dll
 0002:0000dbb7       _initialize_narrow_environment 000000014001ebb7 f   ucrtd:ucrtbased.dll
 0002:0000dbbd       _get_initial_narrow_environment 000000014001ebbd f   ucrtd:ucrtbased.dll
 0002:0000dbc3       _initterm                  000000014001ebc3 f   ucrtd:ucrtbased.dll
 0002:0000dbc9       _initterm_e                000000014001ebc9 f   ucrtd:ucrtbased.dll
 0002:0000dbcf       exit                       000000014001ebcf f   ucrtd:ucrtbased.dll
 0002:0000dbd5       _exit                      000000014001ebd5 f   ucrtd:ucrtbased.dll
 0002:0000dbdb       _set_fmode                 000000014001ebdb f   ucrtd:ucrtbased.dll
 0002:0000dbe1       __p___argc                 000000014001ebe1 f   ucrtd:ucrtbased.dll
 0002:0000dbe7       __p___argv                 000000014001ebe7 f   ucrtd:ucrtbased.dll
 0002:0000dbed       _cexit                     000000014001ebed f   ucrtd:ucrtbased.dll
 0002:0000dbf3       _c_exit                    000000014001ebf3 f   ucrtd:ucrtbased.dll
 0002:0000dbf9       _register_thread_local_exe_atexit_callback 000000014001ebf9 f   ucrtd:ucrtbased.dll
 0002:0000dbff       _configthreadlocale        000000014001ebff f   ucrtd:ucrtbased.dll
 0002:0000dc05       _set_new_mode              000000014001ec05 f   ucrtd:ucrtbased.dll
 0002:0000dc0b       __p__commode               000000014001ec0b f   ucrtd:ucrtbased.dll
 0002:0000dc11       _CrtDbgReportW             000000014001ec11 f   ucrtd:ucrtbased.dll
 0002:0000dc17       _callnewh                  000000014001ec17 f   ucrtd:ucrtbased.dll
 0002:0000dc1d       malloc                     000000014001ec1d f   ucrtd:ucrtbased.dll
 0002:0000dc23       _seh_filter_dll            000000014001ec23 f   ucrtd:ucrtbased.dll
 0002:0000dc29       _initialize_onexit_table   000000014001ec29 f   ucrtd:ucrtbased.dll
 0002:0000dc2f       _register_onexit_function  000000014001ec2f f   ucrtd:ucrtbased.dll
 0002:0000dc35       _execute_onexit_table      000000014001ec35 f   ucrtd:ucrtbased.dll
 0002:0000dc3b       _crt_atexit                000000014001ec3b f   ucrtd:ucrtbased.dll
 0002:0000dc41       _crt_at_quick_exit         000000014001ec41 f   ucrtd:ucrtbased.dll
 0002:0000dc47       terminate                  000000014001ec47 f   ucrtd:ucrtbased.dll
 0002:0000dc4d       strcpy_s                   000000014001ec4d f   ucrtd:ucrtbased.dll
 0002:0000dc53       strcat_s                   000000014001ec53 f   ucrtd:ucrtbased.dll
 0002:0000dc59       __stdio_common_vsprintf_s  000000014001ec59 f   ucrtd:ucrtbased.dll
 0002:0000dc5f       _free_dbg                  000000014001ec5f f   ucrtd:ucrtbased.dll
 0002:0000dc65       _wmakepath_s               000000014001ec65 f   ucrtd:ucrtbased.dll
 0002:0000dc6b       _wsplitpath_s              000000014001ec6b f   ucrtd:ucrtbased.dll
 0002:0000dc71       wcscpy_s                   000000014001ec71 f   ucrtd:ucrtbased.dll
 0002:0000dc77       GetCurrentThreadId         000000014001ec77 f   kernel32:KERNEL32.dll
 0002:0000dc7d       QueryPerformanceCounter    000000014001ec7d f   kernel32:KERNEL32.dll
 0002:0000dc83       GetCurrentProcessId        000000014001ec83 f   kernel32:KERNEL32.dll
 0002:0000dc89       GetSystemTimeAsFileTime    000000014001ec89 f   kernel32:KERNEL32.dll
 0002:0000dc8f       InitializeSListHead        000000014001ec8f f   kernel32:KERNEL32.dll
 0002:0000dc95       RtlCaptureContext          000000014001ec95 f   kernel32:KERNEL32.dll
 0002:0000dc9b       RtlLookupFunctionEntry     000000014001ec9b f   kernel32:KERNEL32.dll
 0002:0000dca1       RtlVirtualUnwind           000000014001eca1 f   kernel32:KERNEL32.dll
 0002:0000dca7       IsDebuggerPresent          000000014001eca7 f   kernel32:KERNEL32.dll
 0002:0000dcad       UnhandledExceptionFilter   000000014001ecad f   kernel32:KERNEL32.dll
 0002:0000dcb3       SetUnhandledExceptionFilter 000000014001ecb3 f   kernel32:KERNEL32.dll
 0002:0000dcb9       GetStartupInfoW            000000014001ecb9 f   kernel32:KERNEL32.dll
 0002:0000dcbf       IsProcessorFeaturePresent  000000014001ecbf f   kernel32:KERNEL32.dll
 0002:0000dcc5       GetModuleHandleW           000000014001ecc5 f   kernel32:KERNEL32.dll
 0002:0000dccb       RaiseException             000000014001eccb f   kernel32:KERNEL32.dll
 0002:0000dcd1       MultiByteToWideChar        000000014001ecd1 f   kernel32:KERNEL32.dll
 0002:0000dcd7       WideCharToMultiByte        000000014001ecd7 f   kernel32:KERNEL32.dll
 0002:0000dcdd       GetCurrentProcess          000000014001ecdd f   kernel32:KERNEL32.dll
 0002:0000dce3       TerminateProcess           000000014001ece3 f   kernel32:KERNEL32.dll
 0002:0000dce9       GetLastError               000000014001ece9 f   kernel32:KERNEL32.dll
 0002:0000dcef       HeapAlloc                  000000014001ecef f   kernel32:KERNEL32.dll
 0002:0000dcf5       HeapFree                   000000014001ecf5 f   kernel32:KERNEL32.dll
 0002:0000dcfb       GetProcessHeap             000000014001ecfb f   kernel32:KERNEL32.dll
 0002:0000dd01       VirtualQuery               000000014001ed01 f   kernel32:KERNEL32.dll
 0002:0000dd07       FreeLibrary                000000014001ed07 f   kernel32:KERNEL32.dll
 0002:0000dd0d       GetProcAddress             000000014001ed0d f   kernel32:KERNEL32.dll
 0002:0000dd20       __acrt_initialize          000000014001ed20 f   MSVCRTD:ucrt_stubs.obj
 0002:0000dd20       __scrt_stub_for_acrt_initialize 000000014001ed20 f   MSVCRTD:ucrt_stubs.obj
 0002:0000dd20       __vcrt_initialize          000000014001ed20 f   MSVCRTD:ucrt_stubs.obj
 0002:0000dd30       __acrt_thread_attach       000000014001ed30 f   MSVCRTD:ucrt_stubs.obj
 0002:0000dd30       __scrt_stub_for_acrt_thread_attach 000000014001ed30 f   MSVCRTD:ucrt_stubs.obj
 0002:0000dd30       __vcrt_thread_attach       000000014001ed30 f   MSVCRTD:ucrt_stubs.obj
 0002:0000dd40       __acrt_thread_detach       000000014001ed40 f   MSVCRTD:ucrt_stubs.obj
 0002:0000dd40       __scrt_stub_for_acrt_thread_detach 000000014001ed40 f   MSVCRTD:ucrt_stubs.obj
 0002:0000dd40       __vcrt_thread_detach       000000014001ed40 f   MSVCRTD:ucrt_stubs.obj
 0002:0000dd50       __acrt_uninitialize        000000014001ed50 f   MSVCRTD:ucrt_stubs.obj
 0002:0000dd50       __scrt_stub_for_acrt_uninitialize 000000014001ed50 f   MSVCRTD:ucrt_stubs.obj
 0002:0000dd50       __vcrt_uninitialize        000000014001ed50 f   MSVCRTD:ucrt_stubs.obj
 0002:0000dd60       __acrt_uninitialize_critical 000000014001ed60 f   MSVCRTD:ucrt_stubs.obj
 0002:0000dd60       __scrt_stub_for_acrt_uninitialize_critical 000000014001ed60 f   MSVCRTD:ucrt_stubs.obj
 0002:0000dd60       __vcrt_uninitialize_critical 000000014001ed60 f   MSVCRTD:ucrt_stubs.obj
 0002:0000dd70       __scrt_stub_for_is_c_termination_complete 000000014001ed70 f   MSVCRTD:ucrt_stubs.obj
 0002:0000dd70       _is_c_termination_complete 000000014001ed70 f   MSVCRTD:ucrt_stubs.obj
 0002:0000f590       _guard_dispatch_icall_nop  0000000140020590 f   MSVCRTD:guard_dispatch.obj
 0002:0000f5b0       _guard_xfg_dispatch_icall_nop 00000001400205b0 f   MSVCRTD:guard_xfg_dispatch.obj
 0003:00000000       __xc_a                     0000000140023000     MSVCRTD:initializers.obj
 0003:00000220       __xc_z                     0000000140023220     MSVCRTD:initializers.obj
 0003:00000330       __xi_a                     0000000140023330     MSVCRTD:initializers.obj
 0003:00000660       __xi_z                     0000000140023660     MSVCRTD:initializers.obj
 0003:00000770       __xp_a                     0000000140023770     MSVCRTD:initializers.obj
 0003:00000880       __xp_z                     0000000140023880     MSVCRTD:initializers.obj
 0003:00000990       __xt_a                     0000000140023990     MSVCRTD:initializers.obj
 0003:00000aa0       __xt_z                     0000000140023aa0     MSVCRTD:initializers.obj
 0003:00000cd0       ??_C@_0GC@NLOKJDDN@C?3?2Program?5Files?2Microsoft?5Visu@ 0000000140023cd0     GameController.obj
 0003:00000d50       ??_C@_0GC@FIKHJBJM@C?3?2Program?5Files?2Microsoft?5Visu@ 0000000140023d50     GameController.obj
 0003:00000dc8       ??_C@_0N@LPFKKEBD@?3AM?3am?3PM?3pm@ 0000000140023dc8     GameController.obj
 0003:00000dd8       ??_C@_1BK@MHIKGOKE@?$AA?3?$AAA?$AAM?$AA?3?$AAa?$AAm?$AA?3?$AAP?$AAM?$AA?3?$AAp?$AAm@ 0000000140023dd8     GameController.obj
 0003:000015e0       ??_C@_0DG@KGHKKGBC@null?5pointer?5cannot?5point?5to?5a?5@ 00000001400245e0     main.obj
 0003:00001a60       ??_7exception@std@@6B@     0000000140024a60     main.obj
 0003:00001a78       ??_C@_0BC@EOODALEL@Unknown?5exception@ 0000000140024a78     main.obj
 0003:00001a98       ??_7bad_alloc@std@@6B@     0000000140024a98     main.obj
 0003:00001ab8       ??_7bad_array_new_length@std@@6B@ 0000000140024ab8     main.obj
 0003:00001ad0       ??_C@_0BF@KINCDENJ@bad?5array?5new?5length@ 0000000140024ad0     main.obj
 0003:00001af0       ??_C@_0BB@FCMFBGOM@invalid?5argument@ 0000000140024af0     main.obj
 0003:00001b04       ??_C@_02DKCKIIND@?$CFs@    0000000140024b04     main.obj
 0003:00001b10       ??_C@_0GC@HDCGKBJK@C?3?2Program?5Files?2Microsoft?5Visu@ 0000000140024b10     main.obj
 0003:00001b90       ??_C@_1ME@EKALMIIK@?$AAC?$AA?3?$AA?2?$AAP?$AAr?$AAo?$AAg?$AAr?$AAa?$AAm?$AA?5?$AAF?$AAi?$AAl?$AAe@ 0000000140024b90     main.obj
 0003:00001c7c       ??_C@_11LOCGONAA@@         0000000140024c7c     main.obj
 0003:00001c80       ??_C@_1CG@JNLFBNGN@?$AA?$CC?$AAi?$AAn?$AAv?$AAa?$AAl?$AAi?$AAd?$AA?5?$AAa?$AAr?$AAg?$AAu?$AAm?$AAe@ 0000000140024c80     main.obj
 0003:00001cb0       ??_C@_0BA@JFNIOLAK@string?5too?5long@ 0000000140024cb0     main.obj
 0003:00001cc4       ??_C@_04NMJPKEIC@SFML@     0000000140024cc4     main.obj
 0003:00001cd0       ??_C@_0BA@NPPEMCE@images?1Idle?4png@ 0000000140024cd0     main.obj
 0003:00001ce8       ??_C@_0P@CPMLNBIH@images?1Run?4png@ 0000000140024ce8     main.obj
 0003:00001d00       ??_C@_0BE@CKIKOMPJ@images?1Attack01?4png@ 0000000140024d00     main.obj
 0003:00001d18       ??_C@_0BE@KMBOJOFH@images?1Attack02?4png@ 0000000140024d18     main.obj
 0003:00001d30       ??_C@_0BE@GHECENPC@images?1Attack03?4png@ 0000000140024d30     main.obj
 0003:00001d48       ??_C@_0BA@HBAPNJMI@images?1Jump?4png@ 0000000140024d48     main.obj
 0003:00001d60       ??_C@_0BB@KHCDLAIC@images?1Dash1?4png@ 0000000140024d60     main.obj
 0003:00001d88       ??_C@_0BA@FOIKENOD@vector?5too?5long@ 0000000140024d88     main.obj
 0003:00001dc0       ??_C@_1HA@FACCKGGH@?$AA?$CC?$AAn?$AAu?$AAl?$AAl?$AA?5?$AAp?$AAo?$AAi?$AAn?$AAt?$AAe?$AAr?$AA?5?$AAc@ 0000000140024dc0     main.obj
 0003:00001e5c       __real@3e4ccccd            0000000140024e5c     main.obj
 0003:00001e60       __real@3e99999a            0000000140024e60     main.obj
 0003:00001e64       __real@43480000            0000000140024e64     main.obj
 0003:00001e68       __real@44000000            0000000140024e68     main.obj
 0003:00002064       ??_C@_03BGPLALFI@Run@      0000000140025064     Player.obj
 0003:00002068       ??_C@_06FDAMAAOH@Attack@   0000000140025068     Player.obj
 0003:00002070       ??_C@_04IBDNPPCI@Idle@     0000000140025070     Player.obj
 0003:00002078       ??_C@_0BO@PFKOHNJC@vector?5subscript?5out?5of?5range@ 0000000140025078     Player.obj
 0003:000020a0       ??_C@_0GB@MNFDMEJK@C?3?2Program?5Files?2Microsoft?5Visu@ 00000001400250a0     Player.obj
 0003:00002120       ??_C@_1MC@ILHLDNOF@?$AAC?$AA?3?$AA?2?$AAP?$AAr?$AAo?$AAg?$AAr?$AAa?$AAm?$AA?5?$AAF?$AAi?$AAl?$AAe@ 0000000140025120     Player.obj
 0003:00002210       ??_C@_1EA@LEKOKFNB@?$AA?$CC?$AAv?$AAe?$AAc?$AAt?$AAo?$AAr?$AA?5?$AAs?$AAu?$AAb?$AAs?$AAc?$AAr?$AAi@ 0000000140025210     Player.obj
 0003:0000225c       __real@00000000            000000014002525c     Player.obj
 0003:00002260       __real@3f666666            0000000140025260     Player.obj
 0003:00002264       __real@40000000            0000000140025264     Player.obj
 0003:00002268       __real@434e0000            0000000140025268     Player.obj
 0003:00002278       ??_7type_info@@6B@         0000000140025278     MSVCRTD:std_type_info_static.obj
 0003:00002370       ??_C@_0NN@JMPELKLB@The?5value?5of?5ESP?5was?5not?5proper@ 0000000140025370     MSVCRTD:error.obj
 0003:00002480       ??_C@_0BBN@ELNNILBE@A?5cast?5to?5a?5smaller?5data?5type?5h@ 0000000140025480     MSVCRTD:error.obj
 0003:000025d8       ??_C@_0BN@BPOGFMJL@Stack?5memory?5was?5corrupted?$AN?6@ 00000001400255d8     MSVCRTD:error.obj
 0003:00002600       ??_C@_0DG@DAJCDLPN@A?5local?5variable?5was?5used?5befor@ 0000000140025600     MSVCRTD:error.obj
 0003:00002640       ??_C@_0CM@JMIDGKLA@Stack?5memory?5around?5_alloca?5was@ 0000000140025640     MSVCRTD:error.obj
 0003:00002678       ??_C@_0BO@CHIONIOI@Unknown?5Runtime?5Check?5Error?$AN?6@ 0000000140025678     MSVCRTD:error.obj
 0003:000026a0       ??_C@_1GM@CNOOJIHC@?$AAR?$AAu?$AAn?$AAt?$AAi?$AAm?$AAe?$AA?5?$AAC?$AAh?$AAe?$AAc?$AAk?$AA?5?$AAE@ 00000001400256a0     MSVCRTD:error.obj
 0003:00002730       ??_C@_1EA@NFKNIFJP@?$AAR?$AAu?$AAn?$AA?9?$AAT?$AAi?$AAm?$AAe?$AA?5?$AAC?$AAh?$AAe?$AAc?$AAk?$AA?5@ 0000000140025730     MSVCRTD:error.obj
 0003:00002780       ??_C@_0BB@PFFGGCJP@Unknown?5Filename@ 0000000140025780     MSVCRTD:error.obj
 0003:00002798       ??_C@_0BE@GNBOBNCK@Unknown?5Module?5Name@ 0000000140025798     MSVCRTD:error.obj
 0003:000027b0       ??_C@_0CA@IODNCDPG@Run?9Time?5Check?5Failure?5?$CD?$CFd?5?9?5?$CFs@ 00000001400257b0     MSVCRTD:error.obj
 0003:000027d8       ??_C@_0CG@IAFNJNEE@Stack?5corrupted?5near?5unknown?5va@ 00000001400257d8     MSVCRTD:error.obj
 0003:00002808       ??_C@_05MKKEDADM@?$CF?42X?5@ 0000000140025808     MSVCRTD:error.obj
 0003:00002810       ??_C@_0EJ@LJKNEOLN@Stack?5area?5around?5_alloca?5memor@ 0000000140025810     MSVCRTD:error.obj
 0003:00002868       ??_C@_01EEMJAFIK@?6@       0000000140025868     MSVCRTD:error.obj
 0003:0000286c       ??_C@_02LLMPMKNF@?$DO?5@   000000014002586c     MSVCRTD:error.obj
 0003:00002870       ??_C@_08OMAHNMHJ@?6Data?3?5?$DM@ 0000000140025870     MSVCRTD:error.obj
 0003:00002880       ??_C@_0CK@DKGBICFE@?6Allocation?5number?5within?5this?5@ 0000000140025880     MSVCRTD:error.obj
 0003:000028b8       ??_C@_07DFDJCKFN@?6Size?3?5@ 00000001400258b8     MSVCRTD:error.obj
 0003:000028c8       ??_C@_0N@MHFFIMFG@?6Address?3?50x@ 00000001400258c8     MSVCRTD:error.obj
 0003:000028e0       ??_C@_0EI@CLEPFNGI@Stack?5area?5around?5_alloca?5memor@ 00000001400258e0     MSVCRTD:error.obj
 0003:00002938       ??_C@_0BK@ODNDAGKB@?$CFs?$CFs?$CFp?$CFs?$CFzd?$CFs?$CFd?$CFs?$CFs?$CFs?$CFs?$CFs@ 0000000140025938     MSVCRTD:error.obj
 0003:00002958       ??_C@_0DE@OHJBPMBP@A?5variable?5is?5being?5used?5withou@ 0000000140025958     MSVCRTD:error.obj
 0003:000029c8       ??_C@_0BJ@HEGAHDFO@Stack?5pointer?5corruption@ 00000001400259c8     MSVCRTD:userapi.obj
 0003:000029e8       ??_C@_0CK@FEGOIOPB@Cast?5to?5smaller?5type?5causing?5lo@ 00000001400259e8     MSVCRTD:userapi.obj
 0003:00002a20       ??_C@_0BI@CIGMDCBH@Stack?5memory?5corruption@ 0000000140025a20     MSVCRTD:userapi.obj
 0003:00002a40       ??_C@_0CK@CNLNOEPB@Local?5variable?5used?5before?5init@ 0000000140025a40     MSVCRTD:userapi.obj
 0003:00002a78       ??_C@_0BP@OGBCLIBO@Stack?5around?5_alloca?5corrupted@ 0000000140025a78     MSVCRTD:userapi.obj
 0003:00002ab8       ??_C@_0P@GHFPNOJB@bad?5allocation@ 0000000140025ab8     MSVCRTD:throw_bad_alloc.obj
 0003:00002b40       ??_C@_1EI@MLPKHBGE@?$AAa?$AAp?$AAi?$AA?9?$AAm?$AAs?$AA?9?$AAw?$AAi?$AAn?$AA?9?$AAc?$AAo?$AAr?$AAe@ 0000000140025b40     MSVCRTD:pdblkup.obj
 0003:00002b98       ??_C@_1BK@JHLNAEJL@?$AAa?$AAd?$AAv?$AAa?$AAp?$AAi?$AA3?$AA2?$AA?4?$AAd?$AAl?$AAl@ 0000000140025b98     MSVCRTD:pdblkup.obj
 0003:00002bb8       ??_C@_0O@COHOBMLB@RegOpenKeyExW@ 0000000140025bb8     MSVCRTD:pdblkup.obj
 0003:00002bc8       ??_C@_0BB@GLNAEDBD@RegQueryValueExW@ 0000000140025bc8     MSVCRTD:pdblkup.obj
 0003:00002be0       ??_C@_0M@HLOHPNFA@RegCloseKey@ 0000000140025be0     MSVCRTD:pdblkup.obj
 0003:00002bf0       ??_C@_1HE@EBEAGLFB@?$AAS?$AAO?$AAF?$AAT?$AAW?$AAA?$AAR?$AAE?$AA?2?$AAW?$AAo?$AAw?$AA6?$AA4?$AA3@ 0000000140025bf0     MSVCRTD:pdblkup.obj
 0003:00002c80       ??_C@_1BG@EABPBLLF@?$AAP?$AAr?$AAo?$AAd?$AAu?$AAc?$AAt?$AAD?$AAi?$AAr@ 0000000140025c80     MSVCRTD:pdblkup.obj
 0003:00002cc8       ??_C@_1BC@JINFINNJ@?$AAM?$AAS?$AAP?$AAD?$AAB?$AA1?$AA4?$AA0@ 0000000140025cc8     MSVCRTD:pdblkup.obj
 0003:00002ce0       ??_C@_0BB@KCIACLNC@PDBOpenValidate5@ 0000000140025ce0     MSVCRTD:pdblkup.obj
 0003:00002cf4       ??_C@_01KDCPPGHE@r@        0000000140025cf4     MSVCRTD:pdblkup.obj
 0003:00002d00       _load_config_used          0000000140025d00     MSVCRTD:loadcfg.obj
 0003:00003080       __CastGuardVftablesStart   0000000140026080     MSVCRTD:guard_support.obj
 0003:00003280       __CastGuardVftablesEnd     0000000140026280     MSVCRTD:guard_support.obj
 0003:00003420       ??_R4exception@std@@6B@    0000000140026420     main.obj
 0003:00003450       ??_R3exception@std@@8      0000000140026450     main.obj
 0003:00003468       ??_R2exception@std@@8      0000000140026468     main.obj
 0003:00003478       ??_R1A@?0A@EA@exception@std@@8 0000000140026478     main.obj
 0003:000034a8       ??_R4bad_alloc@std@@6B@    00000001400264a8     main.obj
 0003:000034d8       ??_R3bad_alloc@std@@8      00000001400264d8     main.obj
 0003:000034f0       ??_R2bad_alloc@std@@8      00000001400264f0     main.obj
 0003:00003508       ??_R1A@?0A@EA@bad_alloc@std@@8 0000000140026508     main.obj
 0003:00003538       ??_R4bad_array_new_length@std@@6B@ 0000000140026538     main.obj
 0003:00003568       ??_R3bad_array_new_length@std@@8 0000000140026568     main.obj
 0003:00003580       ??_R2bad_array_new_length@std@@8 0000000140026580     main.obj
 0003:000035a8       ??_R1A@?0A@EA@bad_array_new_length@std@@8 00000001400265a8     main.obj
 0003:000035d8       ??_R4type_info@@6B@        00000001400265d8     MSVCRTD:std_type_info_static.obj
 0003:00003608       ??_R3type_info@@8          0000000140026608     MSVCRTD:std_type_info_static.obj
 0003:00003620       ??_R2type_info@@8          0000000140026620     MSVCRTD:std_type_info_static.obj
 0003:00003630       ??_R1A@?0A@EA@type_info@@8 0000000140026630     MSVCRTD:std_type_info_static.obj
 0003:000038e0       __rtc_iaa                  00000001400268e0     MSVCRTD:initsect.obj
 0003:00003b20       __rtc_izz                  0000000140026b20     MSVCRTD:initsect.obj
 0003:00003c30       __rtc_taa                  0000000140026c30     MSVCRTD:initsect.obj
 0003:00003e70       __rtc_tzz                  0000000140026e70     MSVCRTD:initsect.obj
 0003:00005c18       _TI3?AVbad_array_new_length@std@@ 0000000140028c18     main.obj
 0003:00005c38       _CTA3?AVbad_array_new_length@std@@ 0000000140028c38     main.obj
 0003:00005c58       _CT??_R0?AVbad_array_new_length@std@@@8??0bad_array_new_length@std@@QEAA@AEBV01@@Z24 0000000140028c58     main.obj
 0003:00005c80       _CT??_R0?AVbad_alloc@std@@@8??0bad_alloc@std@@QEAA@AEBV01@@Z24 0000000140028c80     main.obj
 0003:00005ca8       _CT??_R0?AVexception@std@@@8??0exception@std@@QEAA@AEBV01@@Z24 0000000140028ca8     main.obj
 0003:00005cd0       _TI2?AVbad_alloc@std@@     0000000140028cd0     MSVCRTD:throw_bad_alloc.obj
 0003:00005cf0       _CTA2?AVbad_alloc@std@@    0000000140028cf0     MSVCRTD:throw_bad_alloc.obj
 0004:00000000       ?__LINE__Var@?0??_Maklocwcs@std@@YAPEA_WPEB_W@Z@4JA 0000000140029000     GameController.obj
 0004:00000004       ?__LINE__Var@?0??_Adjust_manually_vector_aligned@std@@YAXAEAPEAXAEA_K@Z@4JA 0000000140029004     main.obj
 0004:00000010       __security_cookie_complement 0000000140029010     MSVCRTD:gs_cookie.obj
 0004:00000018       __security_cookie          0000000140029018     MSVCRTD:gs_cookie.obj
 0004:00000024       _fltused                   0000000140029024     MSVCRTD:fltused.obj
 0004:00000030       __scrt_native_dllmain_reason 0000000140029030     MSVCRTD:utility.obj
 0004:00000034       __scrt_default_matherr     0000000140029034     MSVCRTD:matherr.obj
 0004:00000038       ?_RTC_ErrorLevels@@3PAHA   0000000140029038     MSVCRTD:error.obj
 0004:00000050       __isa_available            0000000140029050     MSVCRTD:cpu_disp.obj
 0004:00000054       __isa_enabled              0000000140029054     MSVCRTD:cpu_disp.obj
 0004:00000058       __memset_fast_string_threshold 0000000140029058     MSVCRTD:cpu_disp.obj
 0004:00000060       __memset_nt_threshold      0000000140029060     MSVCRTD:cpu_disp.obj
 0004:00000070       __scrt_ucrt_dll_is_in_use  0000000140029070     MSVCRTD:ucrt_stubs.obj
 0004:00000180       ??_R0?AVbad_array_new_length@std@@@8 0000000140029180     main.obj
 0004:000001b8       ??_R0?AVbad_alloc@std@@@8  00000001400291b8     main.obj
 0004:000001e8       ??_R0?AVexception@std@@@8  00000001400291e8     main.obj
 0004:00000318       ??_R0?AVtype_info@@@8      0000000140029318     MSVCRTD:std_type_info_static.obj
 0004:00000448       __scrt_current_native_startup_state 0000000140029448     MSVCRTD:utility.obj
 0004:00000450       __scrt_native_startup_lock 0000000140029450     MSVCRTD:utility.obj
 0004:000004a0       ?__type_info_root_node@@3U__type_info_node@@A 00000001400294a0     MSVCRTD:tncleanup.obj
 0004:000004b8       ?_OptionsStorage@?1??__local_stdio_printf_options@@9@4_KA 00000001400294b8     MSVCRTD:default_local_stdio_options.obj
 0004:000004c8       ?_OptionsStorage@?1??__local_stdio_scanf_options@@9@4_KA 00000001400294c8     MSVCRTD:default_local_stdio_options.obj
 0004:000004d4       __scrt_debugger_hook_flag  00000001400294d4     MSVCRTD:utility_desktop.obj
 0004:000004d8       __castguard_check_failure_user_handled_fptr 00000001400294d8     MSVCRTD:guard_support.obj
 0004:00000b88       __favor                    0000000140029b88     MSVCRTD:cpu_disp.obj
 0004:00000ba0       __dyn_tls_dtor_callback    0000000140029ba0     <common>
 0004:00000bb8       __dyn_tls_init_callback    0000000140029bb8     <common>
 0004:00000bcc       __DebuggerCurrentSteppingThreadId 0000000140029bcc     <common>
 0006:00000000       __imp_GetCurrentThreadId   000000014002d000     kernel32:KERNEL32.dll
 0006:00000008       __imp_QueryPerformanceCounter 000000014002d008     kernel32:KERNEL32.dll
 0006:00000010       __imp_GetCurrentProcessId  000000014002d010     kernel32:KERNEL32.dll
 0006:00000018       __imp_GetSystemTimeAsFileTime 000000014002d018     kernel32:KERNEL32.dll
 0006:00000020       __imp_InitializeSListHead  000000014002d020     kernel32:KERNEL32.dll
 0006:00000028       __imp_RtlCaptureContext    000000014002d028     kernel32:KERNEL32.dll
 0006:00000030       __imp_RtlLookupFunctionEntry 000000014002d030     kernel32:KERNEL32.dll
 0006:00000038       __imp_RtlVirtualUnwind     000000014002d038     kernel32:KERNEL32.dll
 0006:00000040       __imp_IsDebuggerPresent    000000014002d040     kernel32:KERNEL32.dll
 0006:00000048       __imp_UnhandledExceptionFilter 000000014002d048     kernel32:KERNEL32.dll
 0006:00000050       __imp_SetUnhandledExceptionFilter 000000014002d050     kernel32:KERNEL32.dll
 0006:00000058       __imp_GetStartupInfoW      000000014002d058     kernel32:KERNEL32.dll
 0006:00000060       __imp_VirtualQuery         000000014002d060     kernel32:KERNEL32.dll
 0006:00000068       __imp_IsProcessorFeaturePresent 000000014002d068     kernel32:KERNEL32.dll
 0006:00000070       __imp_GetModuleHandleW     000000014002d070     kernel32:KERNEL32.dll
 0006:00000078       __imp_RaiseException       000000014002d078     kernel32:KERNEL32.dll
 0006:00000080       __imp_MultiByteToWideChar  000000014002d080     kernel32:KERNEL32.dll
 0006:00000088       __imp_WideCharToMultiByte  000000014002d088     kernel32:KERNEL32.dll
 0006:00000090       __imp_GetCurrentProcess    000000014002d090     kernel32:KERNEL32.dll
 0006:00000098       __imp_TerminateProcess     000000014002d098     kernel32:KERNEL32.dll
 0006:000000a0       __imp_GetLastError         000000014002d0a0     kernel32:KERNEL32.dll
 0006:000000a8       __imp_HeapAlloc            000000014002d0a8     kernel32:KERNEL32.dll
 0006:000000b0       __imp_HeapFree             000000014002d0b0     kernel32:KERNEL32.dll
 0006:000000b8       __imp_GetProcAddress       000000014002d0b8     kernel32:KERNEL32.dll
 0006:000000c0       __imp_FreeLibrary          000000014002d0c0     kernel32:KERNEL32.dll
 0006:000000c8       __imp_GetProcessHeap       000000014002d0c8     kernel32:KERNEL32.dll
 0006:000000d0       \177KERNEL32_NULL_THUNK_DATA 000000014002d0d0     kernel32:KERNEL32.dll
 0006:00000150       __imp_?_Getcvt@_Locinfo@std@@QEBA?AU_Cvtvec@@XZ 000000014002d150     msvcprtd:MSVCP140D.dll
 0006:00000158       __imp_?_Init@locale@std@@CAPEAV_Locimp@12@_N@Z 000000014002d158     msvcprtd:MSVCP140D.dll
 0006:00000160       __imp_?_Xlength_error@std@@YAXPEBD@Z 000000014002d160     msvcprtd:MSVCP140D.dll
 0006:00000168       __imp_??1_Lockit@std@@QEAA@XZ 000000014002d168     msvcprtd:MSVCP140D.dll
 0006:00000170       __imp_??0_Lockit@std@@QEAA@H@Z 000000014002d170     msvcprtd:MSVCP140D.dll
 0006:00000178       __imp_?_W_Getmonths@_Locinfo@std@@QEBAPEBGXZ 000000014002d178     msvcprtd:MSVCP140D.dll
 0006:00000180       __imp_?_W_Getdays@_Locinfo@std@@QEBAPEBGXZ 000000014002d180     msvcprtd:MSVCP140D.dll
 0006:00000188       __imp_?_Getmonths@_Locinfo@std@@QEBAPEBDXZ 000000014002d188     msvcprtd:MSVCP140D.dll
 0006:00000190       __imp_?_Getdays@_Locinfo@std@@QEBAPEBDXZ 000000014002d190     msvcprtd:MSVCP140D.dll
 0006:00000198       __imp__Mbrtowc             000000014002d198     msvcprtd:MSVCP140D.dll
 0006:000001a0       __imp_?_Xbad_alloc@std@@YAXXZ 000000014002d1a0     msvcprtd:MSVCP140D.dll
 0006:000001a8       \177MSVCP140D_NULL_THUNK_DATA 000000014002d1a8     msvcprtd:MSVCP140D.dll
 0006:00000210       __imp___std_exception_destroy 000000014002d210     vcruntimed:VCRUNTIME140D.dll
 0006:00000218       __imp___C_specific_handler 000000014002d218     vcruntimed:VCRUNTIME140D.dll
 0006:00000220       __imp___std_type_info_destroy_list 000000014002d220     vcruntimed:VCRUNTIME140D.dll
 0006:00000228       __imp___current_exception  000000014002d228     vcruntimed:VCRUNTIME140D.dll
 0006:00000230       __imp___current_exception_context 000000014002d230     vcruntimed:VCRUNTIME140D.dll
 0006:00000238       __imp___C_specific_handler_noexcept 000000014002d238     vcruntimed:VCRUNTIME140D.dll
 0006:00000240       __imp___vcrt_GetModuleFileNameW 000000014002d240     vcruntimed:VCRUNTIME140D.dll
 0006:00000248       __imp___vcrt_GetModuleHandleW 000000014002d248     vcruntimed:VCRUNTIME140D.dll
 0006:00000250       __imp___vcrt_LoadLibraryExW 000000014002d250     vcruntimed:VCRUNTIME140D.dll
 0006:00000258       __imp__CxxThrowException   000000014002d258     vcruntimed:VCRUNTIME140D.dll
 0006:00000260       __imp_memcpy               000000014002d260     vcruntimed:VCRUNTIME140D.dll
 0006:00000268       __imp_memmove              000000014002d268     vcruntimed:VCRUNTIME140D.dll
 0006:00000270       __imp___std_exception_copy 000000014002d270     vcruntimed:VCRUNTIME140D.dll
 0006:00000278       \177VCRUNTIME140D_NULL_THUNK_DATA 000000014002d278     vcruntimed:VCRUNTIME140D.dll
 0006:000002e0       __imp___CxxFrameHandler4   000000014002d2e0     vcruntimed:VCRUNTIME140_1D.dll
 0006:000002e8       \177VCRUNTIME140_1D_NULL_THUNK_DATA 000000014002d2e8     vcruntimed:VCRUNTIME140_1D.dll
 0006:00000340       __imp_??0RectangleShape@sf@@QEAA@AEBV?$Vector2@M@1@@Z 000000014002d340     sfml-graphics-d:sfml-graphics-d-2.dll
 0006:00000348       __imp_??1RectangleShape@sf@@UEAA@XZ 000000014002d348     sfml-graphics-d:sfml-graphics-d-2.dll
 0006:00000350       __imp_?draw@RenderTarget@sf@@QEAAXAEBVDrawable@2@AEBVRenderStates@2@@Z 000000014002d350     sfml-graphics-d:sfml-graphics-d-2.dll
 0006:00000358       __imp_?move@Transformable@sf@@QEAAXAEBV?$Vector2@M@2@@Z 000000014002d358     sfml-graphics-d:sfml-graphics-d-2.dll
 0006:00000360       __imp_?setTexture@Sprite@sf@@QEAAXAEBVTexture@2@_N@Z 000000014002d360     sfml-graphics-d:sfml-graphics-d-2.dll
 0006:00000368       __imp_?setTextureRect@Sprite@sf@@QEAAXAEBV?$Rect@H@2@@Z 000000014002d368     sfml-graphics-d:sfml-graphics-d-2.dll
 0006:00000370       __imp_?getLocalBounds@Sprite@sf@@QEBA?AV?$Rect@M@2@XZ 000000014002d370     sfml-graphics-d:sfml-graphics-d-2.dll
 0006:00000378       __imp_??1Sprite@sf@@UEAA@XZ 000000014002d378     sfml-graphics-d:sfml-graphics-d-2.dll
 0006:00000380       __imp_??0Sprite@sf@@QEAA@XZ 000000014002d380     sfml-graphics-d:sfml-graphics-d-2.dll
 0006:00000388       __imp_?setOrigin@Transformable@sf@@QEAAXMM@Z 000000014002d388     sfml-graphics-d:sfml-graphics-d-2.dll
 0006:00000390       __imp_?setPosition@Transformable@sf@@QEAAXMM@Z 000000014002d390     sfml-graphics-d:sfml-graphics-d-2.dll
 0006:00000398       __imp_?White@Color@sf@@2V12@B 000000014002d398     sfml-graphics-d:sfml-graphics-d-2.dll
 0006:000003a0       __imp_?getSize@Texture@sf@@QEBA?AV?$Vector2@I@2@XZ 000000014002d3a0     sfml-graphics-d:sfml-graphics-d-2.dll
 0006:000003a8       __imp_??1RenderWindow@sf@@UEAA@XZ 000000014002d3a8     sfml-graphics-d:sfml-graphics-d-2.dll
 0006:000003b0       __imp_??0RenderWindow@sf@@QEAA@VVideoMode@1@AEBVString@1@IAEBUContextSettings@1@@Z 000000014002d3b0     sfml-graphics-d:sfml-graphics-d-2.dll
 0006:000003b8       __imp_?setView@RenderTarget@sf@@QEAAXAEBVView@2@@Z 000000014002d3b8     sfml-graphics-d:sfml-graphics-d-2.dll
 0006:000003c0       __imp_?clear@RenderTarget@sf@@QEAAXAEBVColor@2@@Z 000000014002d3c0     sfml-graphics-d:sfml-graphics-d-2.dll
 0006:000003c8       __imp_?setSize@View@sf@@QEAAXMM@Z 000000014002d3c8     sfml-graphics-d:sfml-graphics-d-2.dll
 0006:000003d0       __imp_??0View@sf@@QEAA@AEBV?$Vector2@M@1@0@Z 000000014002d3d0     sfml-graphics-d:sfml-graphics-d-2.dll
 0006:000003d8       __imp_?loadFromFile@Texture@sf@@QEAA_NAEBV?$basic_string@DU?$char_traits@D@std@@V?$allocator@D@2@@std@@AEBV?$Rect@H@2@@Z 000000014002d3d8     sfml-graphics-d:sfml-graphics-d-2.dll
 0006:000003e0       __imp_??1Texture@sf@@QEAA@XZ 000000014002d3e0     sfml-graphics-d:sfml-graphics-d-2.dll
 0006:000003e8       __imp_??0Texture@sf@@QEAA@XZ 000000014002d3e8     sfml-graphics-d:sfml-graphics-d-2.dll
 0006:000003f0       __imp_?Default@RenderStates@sf@@2V12@B 000000014002d3f0     sfml-graphics-d:sfml-graphics-d-2.dll
 0006:000003f8       __imp_??1Text@sf@@UEAA@XZ  000000014002d3f8     sfml-graphics-d:sfml-graphics-d-2.dll
 0006:00000400       __imp_??0Text@sf@@QEAA@AEBVString@1@AEBVFont@1@I@Z 000000014002d400     sfml-graphics-d:sfml-graphics-d-2.dll
 0006:00000408       __imp_?loadFromFile@Font@sf@@QEAA_NAEBV?$basic_string@DU?$char_traits@D@std@@V?$allocator@D@2@@std@@@Z 000000014002d408     sfml-graphics-d:sfml-graphics-d-2.dll
 0006:00000410       __imp_??1Font@sf@@QEAA@XZ  000000014002d410     sfml-graphics-d:sfml-graphics-d-2.dll
 0006:00000418       __imp_??0Font@sf@@QEAA@XZ  000000014002d418     sfml-graphics-d:sfml-graphics-d-2.dll
 0006:00000420       \177sfml-graphics-d-2_NULL_THUNK_DATA 000000014002d420     sfml-graphics-d:sfml-graphics-d-2.dll
 0006:00000470       __imp_??1String@sf@@QEAA@XZ 000000014002d470     sfml-system-d:sfml-system-d-2.dll
 0006:00000478       __imp_??0String@sf@@QEAA@PEBDAEBVlocale@std@@@Z 000000014002d478     sfml-system-d:sfml-system-d-2.dll
 0006:00000480       __imp_?restart@Clock@sf@@QEAA?AVTime@2@XZ 000000014002d480     sfml-system-d:sfml-system-d-2.dll
 0006:00000488       __imp_??0Clock@sf@@QEAA@XZ 000000014002d488     sfml-system-d:sfml-system-d-2.dll
 0006:00000490       __imp_?asSeconds@Time@sf@@QEBAMXZ 000000014002d490     sfml-system-d:sfml-system-d-2.dll
 0006:00000498       \177sfml-system-d-2_NULL_THUNK_DATA 000000014002d498     sfml-system-d:sfml-system-d-2.dll
[...]
 0007:0000017c       __3964B2C8_Touch@hpp       000000014002f17c     main.obj
 0007:0000017d       __C1C993A4_vector          000000014002f17d     main.obj
 0007:0000017e       __704657E4_VideoMode@hpp   000000014002f17e     main.obj
 0007:0000017f       __D4180D8D_WindowHandle@hpp 000000014002f17f     main.obj
 0007:00000180       __7B35DF11_Vulkan@hpp      000000014002f180     main.obj
 0007:00000181       __40D078BB_WindowStyle@hpp 000000014002f181     main.obj
 0007:00000182       __9C16A846_WindowBase@hpp  000000014002f182     main.obj
 0007:00000183       __3D94E65D_Window@hpp      000000014002f183     main.obj
 0007:00000184       __5FEC6F22_Window@hpp      000000014002f184     main.obj
 0007:00000185       __B297DDB5_Export@hpp      000000014002f185     main.obj
 0007:00000186       __B1AC6DBA_BlendMode@hpp   000000014002f186     main.obj
 0007:00000187       __39824534_Rect@inl        000000014002f187     main.obj
 0007:00000188       __F8004C93_Rect@hpp        000000014002f188     main.obj
 0007:00000189       __79FCA222_Transform@hpp   000000014002f189     main.obj
 0007:0000018a       __360D1DD8_RenderStates@hpp 000000014002f18a     main.obj
 0007:0000018b       __CD492A2E_Drawable@hpp    000000014002f18b     main.obj
 0007:0000018c       __B0DD96D0_Transformable@hpp 000000014002f18c     main.obj
 0007:0000018d       __DD70AC26_Color@hpp       000000014002f18d     main.obj
 0007:0000018e       __DF5E5213_Vertex@hpp      000000014002f18e     main.obj
 0007:0000018f       __98207430_PrimitiveType@hpp 000000014002f18f     main.obj
 0007:00000190       __9AA39B71_VertexArray@hpp 000000014002f190     main.obj
 0007:00000191       __3AE27D52_Shape@hpp       000000014002f191     main.obj
 0007:00000192       __42CF71CC_CircleShape@hpp 000000014002f192     main.obj
 0007:00000193       __A9168B6A_ConvexShape@hpp 000000014002f193     main.obj
 0007:00000194       __E32576CD_Glyph@hpp       000000014002f194     main.obj
 0007:00000195       __553F89FA_Image@hpp       000000014002f195     main.obj
 0007:00000196       __5C0A7E36_Texture@hpp     000000014002f196     main.obj
 0007:00000197       __FEF967DD_tuple           000000014002f197     main.obj
 0007:00000198       __51F3829E_xtree           000000014002f198     main.obj
 0007:00000199       __431D3F39_map             000000014002f199     main.obj
 0007:0000019a       __181F3FD2_Font@hpp        000000014002f19a     main.obj
 0007:0000019b       __5F328899_RectangleShape@hpp 000000014002f19b     main.obj
 0007:0000019c       __2A13B1D0_View@hpp        000000014002f19c     main.obj
 0007:0000019d       __24A46D14_RenderTarget@hpp 000000014002f19d     main.obj
 0007:0000019e       __16E4FEA2_RenderTexture@hpp 000000014002f19e     main.obj
 0007:0000019f       __888C1340_RenderWindow@hpp 000000014002f19f     main.obj
 0007:000001a0       __CB07E170_Glsl@inl        000000014002f1a0     main.obj
 0007:000001a1       __0A85E8D7_Glsl@hpp        000000014002f1a1     main.obj
 0007:000001a2       __1762CCA7_Shader@hpp      000000014002f1a2     main.obj
 0007:000001a3       __89D3E16A_Sprite@hpp      000000014002f1a3     main.obj
 0007:000001a4       __577EB74C_Text@hpp        000000014002f1a4     main.obj
 0007:000001a5       __E020519B_VertexBuffer@hpp 000000014002f1a5     main.obj
 0007:000001a6       __245850BE_Graphics@hpp    000000014002f1a6     main.obj
 0007:000001a7       __3DB36E2C_istream         000000014002f1a7     main.obj
 0007:000001a8       __55AF793C_iostream        000000014002f1a8     main.obj
 0007:000001a9       __95AC450C_list            000000014002f1a9     main.obj
 0007:000001aa       __C9839525_xbit_ops@h      000000014002f1aa     main.obj
 0007:000001ab       __3775BEFA_xhash           000000014002f1ab     main.obj
 0007:000001ac       __8D6BFECD_unordered_map   000000014002f1ac     main.obj
 0007:000001ad       __AA94726A_GameController@h 000000014002f1ad     main.obj
 0007:000001ae       __7BF5D5B5_Player@h        000000014002f1ae     main.obj
 0007:000001af       __5CDCC5D1_main@cpp        000000014002f1af     main.obj
 0007:000001d7       __2395528C_Config@hpp      000000014002f1d7     Player.obj
 0007:000001d8       __A12B5609_Export@hpp      000000014002f1d8     Player.obj
 0007:000001d9       __EDB91FC7_Time@hpp        000000014002f1d9     Player.obj
 0007:000001da       __A8366EC8_Clock@hpp       000000014002f1da     Player.obj
 0007:000001db       __BCE9A664_concurrencysal@h 000000014002f1db     Player.obj
 0007:000001dc       __3A60702B_sal@h           000000014002f1dc     Player.obj
 0007:000001dd       __230315B8_vadefs@h        000000014002f1dd     Player.obj
 0007:000001de       __37F021F1_vcruntime@h     000000014002f1de     Player.obj
 0007:000001df       __D32D64EC_xkeycheck@h     000000014002f1df     Player.obj
 0007:000001e0       __0E563EE6_yvals_core@h    000000014002f1e0     Player.obj
 0007:000001e1       __E57855E1_limits@h        000000014002f1e1     Player.obj
 0007:000001e2       __3FE9B7C5_climits         000000014002f1e2     Player.obj
 0007:000001e3       __04C75F1C_corecrt@h       000000014002f1e3     Player.obj
 0007:000001e4       __F142ABC1_vcruntime_new@h 000000014002f1e4     Player.obj
 0007:000001e5       __1DDEC634_vcruntime_new_debug@h 000000014002f1e5     Player.obj
 0007:000001e6       __8CF369C8_crtdbg@h        000000014002f1e6     Player.obj
 0007:000001e7       __DC312741_crtdefs@h       000000014002f1e7     Player.obj
 0007:000001e8       __1DC7F6AB_use_ansi@h      000000014002f1e8     Player.obj
 0007:000001e9       __0D462388_yvals@h         000000014002f1e9     Player.obj
 0007:000001ea       __92857972_corecrt_math@h  000000014002f1ea     Player.obj
 0007:000001eb       __A29DED85_math@h          000000014002f1eb     Player.obj
 0007:000001ec       __494656A0_corecrt_malloc@h 000000014002f1ec     Player.obj
 0007:000001ed       __0C5B3DCC_stddef@h        000000014002f1ed     Player.obj
 0007:000001ee       __F1F53BCE_corecrt_search@h 000000014002f1ee     Player.obj
 0007:000001ef       __DD5AA43A_corecrt_wstdlib@h 000000014002f1ef     Player.obj
 0007:000001f0       __71F46169_stdlib@h        000000014002f1f0     Player.obj
 0007:000001f1       __BB069537_cstdlib         000000014002f1f1     Player.obj
 0007:000001f2       __E6C9C4E2_xtr1common      000000014002f1f2     Player.obj
 0007:000001f3       __E1673D43_intrin0@inl@h   000000014002f1f3     Player.obj
 0007:000001f4       __C51C9E4A_intrin0@h       000000014002f1f4     Player.obj
 0007:000001f5       __58DA7E9C_cmath           000000014002f1f5     Player.obj
 0007:000001f6       __C44F8F6B_corecrt_stdio_config@h 000000014002f1f6     Player.obj
 0007:000001f7       __A7F89B2B_corecrt_wstdio@h 000000014002f1f7     Player.obj
 0007:000001f8       __B5C48800_stdio@h         000000014002f1f8     Player.obj
 0007:000001f9       __99C665A7_cstdio          000000014002f1f9     Player.obj
 0007:000001fa       __15E49872_errno@h         000000014002f1fa     Player.obj
 0007:000001fb       __F9D87D4D_vcruntime_string@h 000000014002f1fb     Player.obj
 0007:000001fc       __184F7456_corecrt_memcpy_s@h 000000014002f1fc     Player.obj
 0007:000001fd       __82377222_corecrt_memory@h 000000014002f1fd     Player.obj
 0007:000001fe       __5B29309E_corecrt_wstring@h 000000014002f1fe     Player.obj
 0007:000001ff       __F787F5CD_string@h        000000014002f1ff     Player.obj
 0007:00000200       __F7943DD7_cstring         000000014002f200     Player.obj
 0007:00000201       __E387ED1C_corecrt_wconio@h 000000014002f201     Player.obj
 0007:00000202       __78D0C915_corecrt_wctype@h 000000014002f202     Player.obj
 0007:00000203       __02A4DD57_corecrt_wdirect@h 000000014002f203     Player.obj
 0007:00000204       __A056EFF3_corecrt_share@h 000000014002f204     Player.obj
 0007:00000205       __91FC0EDF_corecrt_wio@h   000000014002f205     Player.obj
 0007:00000206       __6619318A_corecrt_wprocess@h 000000014002f206     Player.obj
 0007:00000207       __18070508_corecrt_wtime@h 000000014002f207     Player.obj
 0007:00000208       __3D2AFB26_types@h         000000014002f208     Player.obj
 0007:00000209       __72103B05_stat@h          000000014002f209     Player.obj
 0007:0000020a       __4BE26BFD_wchar@h         000000014002f20a     Player.obj
 0007:0000020b       __034DB3F4_cwchar          000000014002f20b     Player.obj
 0007:0000020c       __1ECD4F9A_cstddef         000000014002f20c     Player.obj
 0007:0000020d       __A62FD057_initializer_list 000000014002f20d     Player.obj
 0007:0000020e       __7B1487AE_xstddef         000000014002f20e     Player.obj
 0007:0000020f       __408D36C2_iosfwd          000000014002f20f     Player.obj
 0007:00000210       __5B0E7BDE_stdint@h        000000014002f210     Player.obj
 0007:00000211       __0658744A_cstdint         000000014002f211     Player.obj
 0007:00000212       __9D84A227_type_traits     000000014002f212     Player.obj
 0007:00000213       __8C0B10BC_utility         000000014002f213     Player.obj
 0007:00000214       __EA0F6671___msvc_iter_core@hpp 000000014002f214     Player.obj
 0007:00000215       __37D60323_xutility        000000014002f215     Player.obj
 0007:00000216       __267AB463_iterator        000000014002f216     Player.obj
 0007:00000217       __83BF90D8_share@h         000000014002f217     Player.obj
 0007:00000218       __41DD709E___msvc_system_error_abi@hpp 000000014002f218     Player.obj
 0007:00000219       __04E7115C_cerrno          000000014002f219     Player.obj
 0007:0000021a       __E5D9469F_malloc@h        000000014002f21a     Player.obj
 0007:0000021b       __C78E68C1_corecrt_terminate@h 000000014002f21b     Player.obj
 0007:0000021c       __F2721FE7_eh@h            000000014002f21c     Player.obj
 0007:0000021d       __1530C366_vcruntime_exception@h 000000014002f21d     Player.obj
 0007:0000021e       __146E49D7_exception       000000014002f21e     Player.obj
 0007:0000021f       __CDB0EEF0_float@h         000000014002f21f     Player.obj
 0007:00000220       __EA82AE20_cfloat          000000014002f220     Player.obj
 0007:00000221       __2A53773E_isa_availability@h 000000014002f221     Player.obj
 0007:00000222       __8C64E344_limits          000000014002f222     Player.obj
 0007:00000223       __BB53D1C7_new             000000014002f223     Player.obj
 0007:00000224       __1E62C501_xatomic@h       000000014002f224     Player.obj
 0007:00000225       __E69E737F_xmemory         000000014002f225     Player.obj
 0007:00000226       __CAABAF75___msvc_sanitizer_annotate_container@hpp 000000014002f226     Player.obj
 0007:00000227       __924DF5E3_xstring         000000014002f227     Player.obj
 0007:00000228       __9D20738A_stdexcept       000000014002f228     Player.obj
 0007:00000229       __4DCEE0B6_xcall_once@h    000000014002f229     Player.obj
 0007:0000022a       __A5D33687_xerrc@h         000000014002f22a     Player.obj
 0007:0000022b       __93FD7E51_time@h          000000014002f22b     Player.obj
 0007:0000022c       __9E69E294_ctime           000000014002f22c     Player.obj
 0007:0000022d       __8112E062_xtimec@h        000000014002f22d     Player.obj
 0007:0000022e       __7C89C118_xthreads@h      000000014002f22e     Player.obj
 0007:0000022f       __E751BF86_atomic          000000014002f22f     Player.obj
 0007:00000230       __F293F296_system_error    000000014002f230     Player.obj
 0007:00000231       __FEE180EE_vcruntime_typeinfo@h 000000014002f231     Player.obj
 0007:00000232       __4709F03A_typeinfo        000000014002f232     Player.obj
 0007:00000233       __30CAEFCA_memory          000000014002f233     Player.obj
 0007:00000234       __1C8FB8C5_xfacet          000000014002f234     Player.obj
 0007:00000235       __1C9D888F___msvc_xlocinfo_types@hpp 000000014002f235     Player.obj
 0007:00000236       __6AECDA3E_ctype@h         000000014002f236     Player.obj
 0007:00000237       __960D8200_cctype          000000014002f237     Player.obj
 0007:00000238       __66B29864_locale@h        000000014002f238     Player.obj
 0007:00000239       __28AA49E6_clocale         000000014002f239     Player.obj
 0007:0000023a       __588013F2_xlocinfo        000000014002f23a     Player.obj
 0007:0000023b       __4D7381D2_xlocale         000000014002f23b     Player.obj
 0007:0000023c       __616564E1_xiosbase        000000014002f23c     Player.obj
 0007:0000023d       __9F80CB36_streambuf       000000014002f23d     Player.obj
 0007:0000023e       __D3F4E7C5_xlocnum         000000014002f23e     Player.obj
 0007:0000023f       __439EEBD1_ios             000000014002f23f     Player.obj
 0007:00000240       __5E635B16_ostream         000000014002f240     Player.obj
 0007:00000241       __F18D3496_Err@hpp         000000014002f241     Player.obj
 0007:00000242       __F7366210_InputStream@hpp 000000014002f242     Player.obj
 0007:00000243       __2742F9A0_NonCopyable@hpp 000000014002f243     Player.obj
 0007:00000244       __44196956_string          000000014002f244     Player.obj
 0007:00000245       __A65E7B17_FileInputStream@hpp 000000014002f245     Player.obj
 0007:00000246       __A40DDF72_Lock@hpp        000000014002f246     Player.obj
 0007:00000247       __1369563B_MemoryInputStream@hpp 000000014002f247     Player.obj
 0007:00000248       __97C05921_Mutex@hpp       000000014002f248     Player.obj
 0007:00000249       __61EF3679_Sleep@hpp       000000014002f249     Player.obj
 0007:0000024a       __FEA20B03_algorithm       000000014002f24a     Player.obj
 0007:0000024b       __4D3CC729_xlocbuf         000000014002f24b     Player.obj
 0007:0000024c       __617F76AE_xlocmes         000000014002f24c     Player.obj
 0007:0000024d       __F896F2FD_xlocmon         000000014002f24d     Player.obj
 0007:0000024e       __FC9DBAE0_xloctime        000000014002f24e     Player.obj
 0007:0000024f       __9B271D67_locale          000000014002f24f     Player.obj
 0007:00000250       __14E873A0_Utf@inl         000000014002f250     Player.obj
 0007:00000251       __D56A7A07_Utf@hpp         000000014002f251     Player.obj
 0007:00000252       __DE8C40E0_String@inl      000000014002f252     Player.obj
 0007:00000253       __1F0E4947_String@hpp      000000014002f253     Player.obj
 0007:00000254       __07F2488D_Thread@inl      000000014002f254     Player.obj
 0007:00000255       __C670412A_Thread@hpp      000000014002f255     Player.obj
 0007:00000256       __A2B53720_ThreadLocal@hpp 000000014002f256     Player.obj
 0007:00000257       __726C78E7_ThreadLocalPtr@inl 000000014002f257     Player.obj
 0007:00000258       __B3EE7140_ThreadLocalPtr@hpp 000000014002f258     Player.obj
 0007:00000259       __6028818B_Vector2@inl     000000014002f259     Player.obj
 0007:0000025a       __A1AA882C_Vector2@hpp     000000014002f25a     Player.obj
 0007:0000025b       __5D48A83B_Vector3@inl     000000014002f25b     Player.obj
 0007:0000025c       __9CCAA19C_Vector3@hpp     000000014002f25c     Player.obj
 0007:0000025d       __F16C9958_System@hpp      000000014002f25d     Player.obj
 0007:0000025e       __36AAFDCC_Export@hpp      000000014002f25e     Player.obj
 0007:0000025f       __B9120381_Clipboard@hpp   000000014002f25f     Player.obj
 0007:00000260       __C744DCDF_GlResource@hpp  000000014002f260     Player.obj
 0007:00000261       __ADFD4B75_ContextSettings@hpp 000000014002f261     Player.obj
 0007:00000262       __A1A7F16E_Context@hpp     000000014002f262     Player.obj
 0007:00000263       __18A87FFE_Cursor@hpp      000000014002f263     Player.obj
 0007:00000264       __9526E1A7_Joystick@hpp    000000014002f264     Player.obj
 0007:00000265       __0F73868B_Keyboard@hpp    000000014002f265     Player.obj
 0007:00000266       __C24180C8_Mouse@hpp       000000014002f266     Player.obj
 0007:00000267       __B8D29803_Sensor@hpp      000000014002f267     Player.obj
 0007:00000268       __9F7B3B69_Event@hpp       000000014002f268     Player.obj
 0007:00000269       __3964B2C8_Touch@hpp       000000014002f269     Player.obj
 0007:0000026a       __C1C993A4_vector          000000014002f26a     Player.obj
 0007:0000026b       __704657E4_VideoMode@hpp   000000014002f26b     Player.obj
 0007:0000026c       __D4180D8D_WindowHandle@hpp 000000014002f26c     Player.obj
 0007:0000026d       __7B35DF11_Vulkan@hpp      000000014002f26d     Player.obj
 0007:0000026e       __40D078BB_WindowStyle@hpp 000000014002f26e     Player.obj
 0007:0000026f       __9C16A846_WindowBase@hpp  000000014002f26f     Player.obj
 0007:00000270       __3D94E65D_Window@hpp      000000014002f270     Player.obj
 0007:00000271       __5FEC6F22_Window@hpp      000000014002f271     Player.obj
 0007:00000272       __B297DDB5_Export@hpp      000000014002f272     Player.obj
 0007:00000273       __B1AC6DBA_BlendMode@hpp   000000014002f273     Player.obj
 0007:00000274       __39824534_Rect@inl        000000014002f274     Player.obj
 0007:00000275       __F8004C93_Rect@hpp        000000014002f275     Player.obj
 0007:00000276       __79FCA222_Transform@hpp   000000014002f276     Player.obj
 0007:00000277       __360D1DD8_RenderStates@hpp 000000014002f277     Player.obj
 0007:00000278       __CD492A2E_Drawable@hpp    000000014002f278     Player.obj
 0007:00000279       __B0DD96D0_Transformable@hpp 000000014002f279     Player.obj
 0007:0000027a       __DD70AC26_Color@hpp       000000014002f27a     Player.obj
 0007:0000027b       __DF5E5213_Vertex@hpp      000000014002f27b     Player.obj
 0007:0000027c       __98207430_PrimitiveType@hpp 000000014002f27c     Player.obj
 0007:0000027d       __9AA39B71_VertexArray@hpp 000000014002f27d     Player.obj
 0007:0000027e       __3AE27D52_Shape@hpp       000000014002f27e     Player.obj
 0007:0000027f       __42CF71CC_CircleShape@hpp 000000014002f27f     Player.obj
 0007:00000280       __A9168B6A_ConvexShape@hpp 000000014002f280     Player.obj
 0007:00000281       __E32576CD_Glyph@hpp       000000014002f281     Player.obj
 0007:00000282       __553F89FA_Image@hpp       000000014002f282     Player.obj
 0007:00000283       __5C0A7E36_Texture@hpp     000000014002f283     Player.obj
 0007:00000284       __FEF967DD_tuple           000000014002f284     Player.obj
 0007:00000285       __51F3829E_xtree           000000014002f285     Player.obj
 0007:00000286       __431D3F39_map             000000014002f286     Player.obj
 0007:00000287       __181F3FD2_Font@hpp        000000014002f287     Player.obj
 0007:00000288       __5F328899_RectangleShape@hpp 000000014002f288     Player.obj
 0007:00000289       __2A13B1D0_View@hpp        000000014002f289     Player.obj
 0007:0000028a       __24A46D14_RenderTarget@hpp 000000014002f28a     Player.obj
 0007:0000028b       __16E4FEA2_RenderTexture@hpp 000000014002f28b     Player.obj
 0007:0000028c       __888C1340_RenderWindow@hpp 000000014002f28c     Player.obj
 0007:0000028d       __CB07E170_Glsl@inl        000000014002f28d     Player.obj
 0007:0000028e       __0A85E8D7_Glsl@hpp        000000014002f28e     Player.obj
 0007:0000028f       __1762CCA7_Shader@hpp      000000014002f28f     Player.obj
 0007:00000290       __89D3E16A_Sprite@hpp      000000014002f290     Player.obj
 0007:00000291       __577EB74C_Text@hpp        000000014002f291     Player.obj
 0007:00000292       __E020519B_VertexBuffer@hpp 000000014002f292     Player.obj
 0007:00000293       __245850BE_Graphics@hpp    000000014002f293     Player.obj
 0007:00000294       __95AC450C_list            000000014002f294     Player.obj
 0007:00000295       __C9839525_xbit_ops@h      000000014002f295     Player.obj
 0007:00000296       __3775BEFA_xhash           000000014002f296     Player.obj
 0007:00000297       __8D6BFECD_unordered_map   000000014002f297     Player.obj
 0007:00000298       __AA94726A_GameController@h 000000014002f298     Player.obj
 0007:00000299       __7BF5D5B5_Player@h        000000014002f299     Player.obj
 0007:0000029a       __1C64E078_Player@cpp      000000014002f29a     Player.obj
 0009:00000170       $R000000                   0000000140031170     * linker generated manifest res *
